<html>
<body>
<pre>
<h1>礦ision Build Log</h1>
<h2>Tool Versions:</h2>
IDE-Version: μVision V5.18.0.0
Copyright (C) 2016 ARM Ltd and ARM Germany GmbH. All rights reserved.
License Information: a Administrator, a, LIC=QF82Z-JU1RM-459T5-G302D-SN408-PNAF2
 
Tool Versions:
Toolchain:       MDK-ARM Standard  Version: 5.18
Toolchain Path:  D:\Keil_v5\ARM\ARMCC\Bin
C Compiler:      Armcc.exe V5.06 update 1 (build 61)
Assembler:       Armasm.exe V5.06 update 1 (build 61)
Linker/Locator:  ArmLink.exe V5.06 update 1 (build 61)
Library Manager: ArmAr.exe V5.06 update 1 (build 61)
Hex Converter:   FromElf.exe V5.06 update 1 (build 61)
CPU DLL:         SARMCM3.DLL V5.18
Dialog DLL:      DARMSTM.DLL V1.65.0.0
Target DLL:      Segger\JL2CM3.dll V2.99.18.0
Dialog DLL:      TARMSTM.DLL V1.64.0.0
 
<h2>Project:</h2>
C:\Users\Administrator\Desktop\DAC\工程模板\project.uvprojx
Project File Date:  12/11/2017

<h2>Output:</h2>
*** Using Compiler 'V5.06 update 1 (build 61)', folder: 'D:\Keil_v5\ARM\ARMCC\Bin'
Rebuild target 'project'
compiling core_cm3.c...
compiling stm32f10x_gpio.c...
compiling misc.c...
compiling stm32f10x_usart.c...
compiling stm32f10x_dac.c...
assembling startup_stm32f10x_md.s...
compiling system_stm32f10x.c...
compiling stm32f10x_rcc.c...
compiling stm32f10x_it.c...
compiling main.c...
linking...
Program Size: Code=8332 RO-data=268 RW-data=44 ZI-data=1028  
FromELF: creating hex file...
".\Obj\project.axf" - 0 Error(s), 0 Warning(s).

<h2>Software Packages used:</h2>

Package Vendor: ARM
                http://www.keil.com/pack/ARM.CMSIS.5.2.0.pack
                ARM::CMSIS:CORE:5.0.2
                CMSIS (Cortex Microcontroller Software Interface Standard)
   * Component: CORE Version: 5.0.2

<h2>Collection of Component include folders:</h2>
  C:\Users\Administrator\Desktop\DAC\工程模板\RTE
  D:\Keil_v5\ARM\PACK\ARM\CMSIS\5.2.0\CMSIS\Include
  D:\Keil_v5\ARM\PACK\Keil\STM32F1xx_DFP\2.2.0\Device\Include

<h2>Collection of Component Files used:</h2>

   * Component: ARM::CMSIS:CORE:5.0.2
Build Time Elapsed:  00:00:06
</pre>
</body>
</html>
