Component: ARM Compiler 5.06 update 1 (build 61) Tool: armlink [4d35a8]

==============================================================================

Section Cross References

    main.o(i.ADC_GPIO_Configuration) refers to stm32f10x_gpio.o(i.GPIO_Init) for GPIO_Init
    main.o(i.STM32_Shenzhou_COMInit) refers to stm32f10x_rcc.o(i.RCC_APB2PeriphClockCmd) for RCC_APB2PeriphClockCmd
    main.o(i.STM32_Shenzhou_COMInit) refers to stm32f10x_gpio.o(i.GPIO_Init) for GPIO_Init
    main.o(i.STM32_Shenzhou_COMInit) refers to stm32f10x_usart.o(i.USART_Init) for USART_Init
    main.o(i.STM32_Shenzhou_COMInit) refers to stm32f10x_usart.o(i.USART_Cmd) for USART_Cmd
    main.o(i.fputc) refers to stm32f10x_usart.o(i.USART_SendData) for USART_SendData
    main.o(i.fputc) refers to stm32f10x_usart.o(i.USART_GetFlagStatus) for USART_GetFlagStatus
    main.o(i.main) refers to _printf_percent.o(.ARM.Collect$$_printf_percent$$00000000) for _printf_percent
    main.o(i.main) refers to _printf_d.o(.ARM.Collect$$_printf_percent$$00000009) for _printf_d
    main.o(i.main) refers to _printf_x.o(.ARM.Collect$$_printf_percent$$0000000C) for _printf_x
    main.o(i.main) refers to _printf_dec.o(.text) for _printf_int_dec
    main.o(i.main) refers to _printf_hex_int.o(.text) for _printf_longlong_hex
    main.o(i.main) refers to main.o(i.STM32_Shenzhou_COMInit) for STM32_Shenzhou_COMInit
    main.o(i.main) refers to stm32f10x_rcc.o(i.RCC_AHBPeriphClockCmd) for RCC_AHBPeriphClockCmd
    main.o(i.main) refers to stm32f10x_rcc.o(i.RCC_APB2PeriphClockCmd) for RCC_APB2PeriphClockCmd
    main.o(i.main) refers to stm32f10x_dma.o(i.DMA_DeInit) for DMA_DeInit
    main.o(i.main) refers to stm32f10x_dma.o(i.DMA_Init) for DMA_Init
    main.o(i.main) refers to stm32f10x_dma.o(i.DMA_Cmd) for DMA_Cmd
    main.o(i.main) refers to stm32f10x_adc.o(i.ADC_Init) for ADC_Init
    main.o(i.main) refers to stm32f10x_adc.o(i.ADC_RegularChannelConfig) for ADC_RegularChannelConfig
    main.o(i.main) refers to stm32f10x_adc.o(i.ADC_DMACmd) for ADC_DMACmd
    main.o(i.main) refers to stm32f10x_adc.o(i.ADC_Cmd) for ADC_Cmd
    main.o(i.main) refers to stm32f10x_adc.o(i.ADC_ResetCalibration) for ADC_ResetCalibration
    main.o(i.main) refers to stm32f10x_adc.o(i.ADC_GetResetCalibrationStatus) for ADC_GetResetCalibrationStatus
    main.o(i.main) refers to stm32f10x_adc.o(i.ADC_StartCalibration) for ADC_StartCalibration
    main.o(i.main) refers to stm32f10x_adc.o(i.ADC_GetCalibrationStatus) for ADC_GetCalibrationStatus
    main.o(i.main) refers to stm32f10x_adc.o(i.ADC_SoftwareStartConvCmd) for ADC_SoftwareStartConvCmd
    main.o(i.main) refers to noretval__2printf.o(.text) for __2printf
    main.o(i.main) refers to main.o(.bss) for .bss
    main.o(i.main) refers to main.o(.data) for .data
    main.o(i.main) refers to main.o(.conststring) for .conststring
    system_stm32f10x.o(i.SystemCoreClockUpdate) refers to system_stm32f10x.o(.data) for .data
    system_stm32f10x.o(i.SystemInit) refers to system_stm32f10x.o(i.SetSysClockTo72) for SetSysClockTo72
    startup_stm32f10x_md.o(STACK) refers (Special) to heapauxi.o(.text) for __use_two_region_memory
    startup_stm32f10x_md.o(HEAP) refers (Special) to heapauxi.o(.text) for __use_two_region_memory
    startup_stm32f10x_md.o(RESET) refers (Special) to heapauxi.o(.text) for __use_two_region_memory
    startup_stm32f10x_md.o(RESET) refers to startup_stm32f10x_md.o(STACK) for __initial_sp
    startup_stm32f10x_md.o(RESET) refers to startup_stm32f10x_md.o(.text) for Reset_Handler
    startup_stm32f10x_md.o(RESET) refers to stm32f10x_it.o(i.NMI_Handler) for NMI_Handler
    startup_stm32f10x_md.o(RESET) refers to stm32f10x_it.o(i.HardFault_Handler) for HardFault_Handler
    startup_stm32f10x_md.o(RESET) refers to stm32f10x_it.o(i.MemManage_Handler) for MemManage_Handler
    startup_stm32f10x_md.o(RESET) refers to stm32f10x_it.o(i.BusFault_Handler) for BusFault_Handler
    startup_stm32f10x_md.o(RESET) refers to stm32f10x_it.o(i.UsageFault_Handler) for UsageFault_Handler
    startup_stm32f10x_md.o(RESET) refers to stm32f10x_it.o(i.SVC_Handler) for SVC_Handler
    startup_stm32f10x_md.o(RESET) refers to stm32f10x_it.o(i.DebugMon_Handler) for DebugMon_Handler
    startup_stm32f10x_md.o(RESET) refers to stm32f10x_it.o(i.PendSV_Handler) for PendSV_Handler
    startup_stm32f10x_md.o(RESET) refers to stm32f10x_it.o(i.SysTick_Handler) for SysTick_Handler
    startup_stm32f10x_md.o(.text) refers (Special) to heapauxi.o(.text) for __use_two_region_memory
    startup_stm32f10x_md.o(.text) refers to system_stm32f10x.o(i.SystemInit) for SystemInit
    startup_stm32f10x_md.o(.text) refers to __main.o(!!!main) for __main
    startup_stm32f10x_md.o(.text) refers to startup_stm32f10x_md.o(HEAP) for Heap_Mem
    startup_stm32f10x_md.o(.text) refers to startup_stm32f10x_md.o(STACK) for Stack_Mem
    stm32f10x_adc.o(i.ADC_DeInit) refers to stm32f10x_rcc.o(i.RCC_APB2PeriphResetCmd) for RCC_APB2PeriphResetCmd
[...]
    init_alloc.o(.text) refers to h1_extend.o(.text) for __Heap_ProvideMemory
    init_alloc.o(.text) refers to defsig_rtmem_outer.o(.text) for __rt_SIGRTMEM
    init_alloc.o(.text) refers to rt_heap_descriptor_intlibspace.o(.text) for __rt_heap_descriptor
    init_alloc.o(.text) refers to h1_init.o(.text) for __Heap_Initialize
    malloc.o(.text) refers (Special) to hguard.o(.text) for __heap$guard
    malloc.o(.text) refers (Special) to init_alloc.o(.text) for _init_alloc
    malloc.o(.text) refers to rt_heap_descriptor_intlibspace.o(.text) for __rt_heap_descriptor
    malloc.o(.text) refers to heapstubs.o(.text) for __Heap_Alloc
    h1_alloc.o(.text) refers (Special) to h1_init.o(.text) for __Heap_Initialize
    h1_alloc.o(.text) refers to rt_heap_descriptor_intlibspace.o(.text) for __rt_heap_descriptor
    h1_alloc.o(.text) refers to init_alloc.o(.text) for __Heap_Full
    h1_alloc_mt.o(.text) refers (Special) to h1_init.o(.text) for __Heap_Initialize
    h1_alloc_mt.o(.text) refers to init_alloc.o(.text) for __Heap_Full
    h1_alloc_mt.o(.text) refers to rt_heap_descriptor_intlibspace.o(.text) for __rt_heap_descriptor
    fseek.o(.text) refers to sys_io.o(.text) for _sys_istty
    fseek.o(.text) refers to ftell.o(.text) for _ftell_internal
    fseek.o(.text) refers to stdio.o(.text) for _seterr
    stdio.o(.text) refers to sys_io.o(.text) for _sys_seek
    defsig_exit.o(.text) refers to sys_exit.o(.text) for _sys_exit
    defsig_rtred_inner.o(.text) refers to defsig_general.o(.text) for __default_signal_display
    argv_veneer.o(.emb_text) refers to no_argv.o(.text) for __ARM_get_argv
    sys_exit.o(.text) refers (Special) to use_no_semi.o(.text) for __I$use$semihosting
    sys_exit.o(.text) refers (Special) to indicate_semi.o(.text) for __semihosting_library_function
    rtexit2.o(.ARM.Collect$$rtexit$$00000003) refers to libshutdown.o(.ARM.Collect$$libshutdown$$00000000) for __rt_lib_shutdown
    rtexit2.o(.ARM.Collect$$rtexit$$00000004) refers to sys_exit.o(.text) for _sys_exit
    rtexit2.o(.ARM.exidx) refers to rtexit2.o(.ARM.Collect$$rtexit$$00000001) for .ARM.Collect$$rtexit$$00000001
    rtexit2.o(.ARM.exidx) refers to rtexit2.o(.ARM.Collect$$rtexit$$00000003) for .ARM.Collect$$rtexit$$00000003
    rtexit2.o(.ARM.exidx) refers to rtexit2.o(.ARM.Collect$$rtexit$$00000004) for .ARM.Collect$$rtexit$$00000004
    maybetermalloc2.o(.emb_text) refers (Special) to term_alloc.o(.text) for _terminate_alloc
    h1_extend.o(.text) refers to h1_free.o(.text) for free
    h1_init_mt.o(.text) refers to mutex_dummy.o(.text) for _mutex_initialize
    h1_extend_mt.o(.text) refers to h1_free_mt.o(.text) for _free_internal
    ftell.o(.text) refers to rt_errno_addr_intlibspace.o(.text) for __aeabi_errno_addr
    __raise.o(.text) refers to defsig.o(CL$$defsig) for __default_signal_handler
    defsig_general.o(.text) refers to sys_wrch.o(.text) for _ttywrch
    defsig_rtmem_outer.o(.text) refers to defsig_rtmem_inner.o(.text) for __rt_SIGRTMEM_inner
    defsig_rtmem_outer.o(.text) refers to defsig_exit.o(.text) for __sig_exit
    defsig_rtmem_formal.o(.text) refers to rt_raise.o(.text) for __rt_raise
    heapauxa.o(.text) refers to heapauxa.o(.data) for .data
    _get_argv.o(.text) refers (Special) to hrguard.o(.text) for __heap_region$guard
    _get_argv.o(.text) refers to h1_alloc.o(.text) for malloc
    _get_argv.o(.text) refers to defsig_rtmem_outer.o(.text) for __rt_SIGRTMEM
    _get_argv.o(.text) refers to sys_command.o(.text) for _sys_command_string
    _get_argv_nomalloc.o(.text) refers (Special) to hrguard.o(.text) for __heap_region$guard
    _get_argv_nomalloc.o(.text) refers to defsig_rtmem_outer.o(.text) for __rt_SIGRTMEM
    _get_argv_nomalloc.o(.text) refers to sys_command.o(.text) for _sys_command_string
    sys_wrch.o(.text) refers (Special) to use_no_semi.o(.text) for __I$use$semihosting
    sys_wrch.o(.text) refers (Special) to indicate_semi.o(.text) for __semihosting_library_function
    sys_command.o(.text) refers (Special) to use_no_semi.o(.text) for __I$use$semihosting
    sys_command.o(.text) refers (Special) to indicate_semi.o(.text) for __semihosting_library_function
    rt_errno_addr.o(.text) refers to rt_errno_addr.o(.bss) for __aeabi_errno_addr_data
    rt_errno_addr_intlibspace.o(.text) refers to libspace.o(.bss) for __libspace_start
    term_alloc.o(.text) refers (Special) to libshutdown2.o(.ARM.Collect$$libshutdown$$0000000E) for __rt_lib_shutdown_heap_2
    term_alloc.o(.text) refers to rt_heap_descriptor_intlibspace.o(.text) for __rt_heap_descriptor
    term_alloc.o(.text) refers to h1_final.o(.text) for __Heap_Finalize
    defsig_rtmem_inner.o(.text) refers to defsig_general.o(.text) for __default_signal_display
    defsig.o(CL$$defsig) refers to defsig_rtred_inner.o(.text) for __rt_SIGRTRED_inner
    defsig.o(CL$$defsig) refers to defsig_rtmem_inner.o(.text) for __rt_SIGRTMEM_inner
    libshutdown.o(.ARM.Collect$$libshutdown$$00000000) refers (Special) to libshutdown2.o(.ARM.Collect$$libshutdown$$00000002) for __rt_lib_shutdown_cpp_1
    libshutdown.o(.ARM.Collect$$libshutdown$$00000000) refers (Special) to libshutdown2.o(.ARM.Collect$$libshutdown$$00000007) for __rt_lib_shutdown_fp_trap_1
    libshutdown.o(.ARM.Collect$$libshutdown$$00000000) refers (Special) to libshutdown2.o(.ARM.Collect$$libshutdown$$0000000F) for __rt_lib_shutdown_heap_1
    libshutdown.o(.ARM.Collect$$libshutdown$$00000000) refers (Special) to libshutdown2.o(.ARM.Collect$$libshutdown$$00000010) for __rt_lib_shutdown_return
    libshutdown.o(.ARM.Collect$$libshutdown$$00000000) refers (Special) to libshutdown2.o(.ARM.Collect$$libshutdown$$0000000A) for __rt_lib_shutdown_signal_1
    libshutdown.o(.ARM.Collect$$libshutdown$$00000000) refers (Special) to libshutdown2.o(.ARM.Collect$$libshutdown$$00000004) for __rt_lib_shutdown_stdio_1
    libshutdown.o(.ARM.Collect$$libshutdown$$00000000) refers (Special) to libshutdown2.o(.ARM.Collect$$libshutdown$$0000000C) for __rt_lib_shutdown_user_alloc_1
    defsig_abrt_inner.o(.text) refers to defsig_general.o(.text) for __default_signal_display
    defsig_fpe_inner.o(.text) refers to defsig_general.o(.text) for __default_signal_display
    defsig_stak_inner.o(.text) refers to defsig_general.o(.text) for __default_signal_display
    defsig_pvfn_inner.o(.text) refers to defsig_general.o(.text) for __default_signal_display
    defsig_cppl_inner.o(.text) refers to defsig_general.o(.text) for __default_signal_display
    defsig_segv_inner.o(.text) refers to defsig_general.o(.text) for __default_signal_display
    defsig_other.o(.text) refers to defsig_general.o(.text) for __default_signal_display


==============================================================================

Removing Unused input sections from the image.

    Removing main.o(i.ADC_GPIO_Configuration), (28 bytes).
    Removing core_cm3.o(.emb_text), (32 bytes).
    Removing system_stm32f10x.o(i.SystemCoreClockUpdate), (100 bytes).
    Removing system_stm32f10x.o(.data), (20 bytes).
    Removing stm32f10x_adc.o(i.ADC_AnalogWatchdogCmd), (16 bytes).
    Removing stm32f10x_adc.o(i.ADC_AnalogWatchdogSingleChannelConfig), (12 bytes).
    Removing stm32f10x_adc.o(i.ADC_AnalogWatchdogThresholdsConfig), (6 bytes).
    Removing stm32f10x_adc.o(i.ADC_AutoInjectedConvCmd), (20 bytes).
    Removing stm32f10x_adc.o(i.ADC_ClearFlag), (6 bytes).
    Removing stm32f10x_adc.o(i.ADC_ClearITPendingBit), (8 bytes).
    Removing stm32f10x_adc.o(i.ADC_DeInit), (68 bytes).
    Removing stm32f10x_adc.o(i.ADC_DiscModeChannelCountConfig), (16 bytes).
    Removing stm32f10x_adc.o(i.ADC_DiscModeCmd), (20 bytes).
    Removing stm32f10x_adc.o(i.ADC_ExternalTrigConvCmd), (20 bytes).
    Removing stm32f10x_adc.o(i.ADC_ExternalTrigInjectedConvCmd), (20 bytes).
    Removing stm32f10x_adc.o(i.ADC_ExternalTrigInjectedConvConfig), (12 bytes).
    Removing stm32f10x_adc.o(i.ADC_GetConversionValue), (6 bytes).
    Removing stm32f10x_adc.o(i.ADC_GetDualModeConversionValue), (12 bytes).
    Removing stm32f10x_adc.o(i.ADC_GetFlagStatus), (14 bytes).
    Removing stm32f10x_adc.o(i.ADC_GetITStatus), (28 bytes).
    Removing stm32f10x_adc.o(i.ADC_GetInjectedConversionValue), (14 bytes).
    Removing stm32f10x_adc.o(i.ADC_GetSoftwareStartConvStatus), (14 bytes).
    Removing stm32f10x_adc.o(i.ADC_GetSoftwareStartInjectedConvCmdStatus), (14 bytes).
    Removing stm32f10x_adc.o(i.ADC_ITConfig), (18 bytes).
    Removing stm32f10x_adc.o(i.ADC_InjectedChannelConfig), (74 bytes).
    Removing stm32f10x_adc.o(i.ADC_InjectedDiscModeCmd), (20 bytes).
    Removing stm32f10x_adc.o(i.ADC_InjectedSequencerLengthConfig), (16 bytes).
    Removing stm32f10x_adc.o(i.ADC_SetInjectedOffset), (10 bytes).
    Removing stm32f10x_adc.o(i.ADC_SoftwareStartInjectedConvCmd), (20 bytes).
    Removing stm32f10x_adc.o(i.ADC_StructInit), (18 bytes).
    Removing stm32f10x_adc.o(i.ADC_TempSensorVrefintCmd), (28 bytes).
    Removing stm32f10x_dma.o(i.DMA_ClearFlag), (24 bytes).
    Removing stm32f10x_dma.o(i.DMA_ClearITPendingBit), (24 bytes).
    Removing stm32f10x_dma.o(i.DMA_GetCurrDataCounter), (6 bytes).
    Removing stm32f10x_dma.o(i.DMA_GetFlagStatus), (32 bytes).
    Removing stm32f10x_dma.o(i.DMA_GetITStatus), (32 bytes).
    Removing stm32f10x_dma.o(i.DMA_ITConfig), (16 bytes).
    Removing stm32f10x_dma.o(i.DMA_SetCurrDataCounter), (4 bytes).
    Removing stm32f10x_dma.o(i.DMA_StructInit), (26 bytes).
    Removing stm32f10x_gpio.o(i.GPIO_AFIODeInit), (22 bytes).
    Removing stm32f10x_gpio.o(i.GPIO_DeInit), (180 bytes).
    Removing stm32f10x_gpio.o(i.GPIO_ETH_MediaInterfaceConfig), (12 bytes).
    Removing stm32f10x_gpio.o(i.GPIO_EXTILineConfig), (40 bytes).
    Removing stm32f10x_gpio.o(i.GPIO_EventOutputCmd), (12 bytes).
    Removing stm32f10x_gpio.o(i.GPIO_EventOutputConfig), (28 bytes).
    Removing stm32f10x_gpio.o(i.GPIO_PinLockConfig), (16 bytes).
    Removing stm32f10x_gpio.o(i.GPIO_PinRemapConfig), (88 bytes).
    Removing stm32f10x_gpio.o(i.GPIO_ReadInputData), (6 bytes).
    Removing stm32f10x_gpio.o(i.GPIO_ReadInputDataBit), (14 bytes).
    Removing stm32f10x_gpio.o(i.GPIO_ReadOutputData), (6 bytes).
    Removing stm32f10x_gpio.o(i.GPIO_ReadOutputDataBit), (14 bytes).
    Removing stm32f10x_gpio.o(i.GPIO_ResetBits), (4 bytes).
    Removing stm32f10x_gpio.o(i.GPIO_SetBits), (4 bytes).
    Removing stm32f10x_gpio.o(i.GPIO_StructInit), (16 bytes).
    Removing stm32f10x_gpio.o(i.GPIO_Write), (4 bytes).
    Removing stm32f10x_gpio.o(i.GPIO_WriteBit), (10 bytes).
    Removing stm32f10x_rcc.o(i.RCC_ADCCLKConfig), (20 bytes).
    Removing stm32f10x_rcc.o(i.RCC_APB1PeriphClockCmd), (24 bytes).
    Removing stm32f10x_rcc.o(i.RCC_APB1PeriphResetCmd), (24 bytes).
    Removing stm32f10x_rcc.o(i.RCC_APB2PeriphResetCmd), (24 bytes).
    Removing stm32f10x_rcc.o(i.RCC_AdjustHSICalibrationValue), (20 bytes).
    Removing stm32f10x_rcc.o(i.RCC_BackupResetCmd), (12 bytes).
    Removing stm32f10x_rcc.o(i.RCC_ClearFlag), (16 bytes).
    Removing stm32f10x_rcc.o(i.RCC_ClearITPendingBit), (12 bytes).
    Removing stm32f10x_rcc.o(i.RCC_ClockSecuritySystemCmd), (12 bytes).
    Removing stm32f10x_rcc.o(i.RCC_DeInit), (64 bytes).
    Removing stm32f10x_rcc.o(i.RCC_GetFlagStatus), (48 bytes).
    Removing stm32f10x_rcc.o(i.RCC_GetITStatus), (20 bytes).
    Removing stm32f10x_rcc.o(i.RCC_GetSYSCLKSource), (16 bytes).
    Removing stm32f10x_rcc.o(i.RCC_HCLKConfig), (20 bytes).
    Removing stm32f10x_rcc.o(i.RCC_HSEConfig), (52 bytes).
    Removing stm32f10x_rcc.o(i.RCC_HSICmd), (12 bytes).
    Removing stm32f10x_rcc.o(i.RCC_ITConfig), (24 bytes).
    Removing stm32f10x_rcc.o(i.RCC_LSEConfig), (32 bytes).
    Removing stm32f10x_rcc.o(i.RCC_LSICmd), (12 bytes).
    Removing stm32f10x_rcc.o(i.RCC_MCOConfig), (12 bytes).
    Removing stm32f10x_rcc.o(i.RCC_PCLK1Config), (20 bytes).
    Removing stm32f10x_rcc.o(i.RCC_PCLK2Config), (20 bytes).
    Removing stm32f10x_rcc.o(i.RCC_PLLCmd), (12 bytes).
    Removing stm32f10x_rcc.o(i.RCC_PLLConfig), (20 bytes).
    Removing stm32f10x_rcc.o(i.RCC_RTCCLKCmd), (12 bytes).
    Removing stm32f10x_rcc.o(i.RCC_RTCCLKConfig), (16 bytes).
    Removing stm32f10x_rcc.o(i.RCC_SYSCLKConfig), (20 bytes).
    Removing stm32f10x_rcc.o(i.RCC_USBCLKConfig), (12 bytes).
    Removing stm32f10x_rcc.o(i.RCC_WaitForHSEStartUp), (44 bytes).
    Removing stm32f10x_usart.o(i.USART_ClearFlag), (6 bytes).
    Removing stm32f10x_usart.o(i.USART_ClearITPendingBit), (12 bytes).
    Removing stm32f10x_usart.o(i.USART_ClockInit), (30 bytes).
    Removing stm32f10x_usart.o(i.USART_ClockStructInit), (12 bytes).
    Removing stm32f10x_usart.o(i.USART_DMACmd), (16 bytes).
    Removing stm32f10x_usart.o(i.USART_DeInit), (116 bytes).
    Removing stm32f10x_usart.o(i.USART_GetITStatus), (62 bytes).
    Removing stm32f10x_usart.o(i.USART_HalfDuplexCmd), (20 bytes).
    Removing stm32f10x_usart.o(i.USART_ITConfig), (48 bytes).
    Removing stm32f10x_usart.o(i.USART_IrDACmd), (20 bytes).
    Removing stm32f10x_usart.o(i.USART_IrDAConfig), (16 bytes).
    Removing stm32f10x_usart.o(i.USART_LINBreakDetectLengthConfig), (16 bytes).
    Removing stm32f10x_usart.o(i.USART_LINCmd), (20 bytes).
    Removing stm32f10x_usart.o(i.USART_OneBitMethodCmd), (20 bytes).
    Removing stm32f10x_usart.o(i.USART_OverSampling8Cmd), (20 bytes).
    Removing stm32f10x_usart.o(i.USART_ReceiveData), (8 bytes).
    Removing stm32f10x_usart.o(i.USART_ReceiverWakeUpCmd), (20 bytes).
    Removing stm32f10x_usart.o(i.USART_SendBreak), (10 bytes).
    Removing stm32f10x_usart.o(i.USART_SetAddress), (16 bytes).
    Removing stm32f10x_usart.o(i.USART_SetGuardTime), (16 bytes).
    Removing stm32f10x_usart.o(i.USART_SetPrescaler), (16 bytes).
    Removing stm32f10x_usart.o(i.USART_SmartCardCmd), (20 bytes).
    Removing stm32f10x_usart.o(i.USART_SmartCardNACKCmd), (20 bytes).
    Removing stm32f10x_usart.o(i.USART_StructInit), (22 bytes).
    Removing stm32f10x_usart.o(i.USART_WakeUpConfig), (16 bytes).

110 unused section(s) (total 2600 bytes) removed from the image.

==============================================================================

Image Symbol Table

    Local Symbols

    Symbol Name                              Value     Ov Type        Size  Object(Section)

    ../clib/angel/boardlib.s                 0x00000000   Number         0  boardinit3.o ABSOLUTE
    ../clib/angel/boardlib.s                 0x00000000   Number         0  boardinit2.o ABSOLUTE
    ../clib/angel/boardlib.s                 0x00000000   Number         0  boardinit1.o ABSOLUTE
    ../clib/angel/boardlib.s                 0x00000000   Number         0  boardshut.o ABSOLUTE
    ../clib/angel/handlers.s                 0x00000000   Number         0  __scatter_copy.o ABSOLUTE
    ../clib/angel/handlers.s                 0x00000000   Number         0  __scatter_zi.o ABSOLUTE
    ../clib/angel/kernel.s                   0x00000000   Number         0  __rtentry.o ABSOLUTE
    ../clib/angel/kernel.s                   0x00000000   Number         0  rtexit2.o ABSOLUTE
    ../clib/angel/kernel.s                   0x00000000   Number         0  __rtentry4.o ABSOLUTE
    ../clib/angel/kernel.s                   0x00000000   Number         0  __rtentry2.o ABSOLUTE
    ../clib/angel/kernel.s                   0x00000000   Number         0  rtexit.o ABSOLUTE
    ../clib/angel/rt.s                       0x00000000   Number         0  rt_raise.o ABSOLUTE
    ../clib/angel/rt.s                       0x00000000   Number         0  rt_errno_addr_intlibspace.o ABSOLUTE
    ../clib/angel/rt.s                       0x00000000   Number         0  rt_errno_addr.o ABSOLUTE
    ../clib/angel/rt.s                       0x00000000   Number         0  rt_heap_descriptor.o ABSOLUTE
    ../clib/angel/rt.s                       0x00000000   Number         0  rt_heap_descriptor_intlibspace.o ABSOLUTE
    ../clib/angel/scatter.s                  0x00000000   Number         0  __scatter.o ABSOLUTE
    ../clib/angel/startup.s                  0x00000000   Number         0  __main.o ABSOLUTE
    ../clib/angel/sys.s                      0x00000000   Number         0  use_no_semi.o ABSOLUTE
    ../clib/angel/sys.s                      0x00000000   Number         0  libspace.o ABSOLUTE
    ../clib/angel/sys.s                      0x00000000   Number         0  mutex_dummy.o ABSOLUTE
    ../clib/angel/sys.s                      0x00000000   Number         0  sys_stackheap_outer.o ABSOLUTE
    ../clib/angel/sys.s                      0x00000000   Number         0  indicate_semi.o ABSOLUTE
    ../clib/angel/sysapp.c                   0x00000000   Number         0  sys_exit.o ABSOLUTE
    ../clib/angel/sysapp.c                   0x00000000   Number         0  sys_io.o ABSOLUTE
    ../clib/angel/sysapp.c                   0x00000000   Number         0  sys_command.o ABSOLUTE
    ../clib/angel/sysapp.c                   0x00000000   Number         0  sys_wrch.o ABSOLUTE
    ../clib/armsys.c                         0x00000000   Number         0  no_argv.o ABSOLUTE
    ../clib/armsys.c                         0x00000000   Number         0  _get_argv_nomalloc.o ABSOLUTE
    ../clib/armsys.c                         0x00000000   Number         0  _get_argv.o ABSOLUTE
    ../clib/armsys.c                         0x00000000   Number         0  argv_veneer.o ABSOLUTE
    ../clib/armsys.c                         0x00000000   Number         0  argv_veneer.o ABSOLUTE
    ../clib/heap1.c                          0x00000000   Number         0  h1_final_mt.o ABSOLUTE
    ../clib/heap1.c                          0x00000000   Number         0  h1_final.o ABSOLUTE
    ../clib/heap1.c                          0x00000000   Number         0  h1_free.o ABSOLUTE
    ../clib/heap1.c                          0x00000000   Number         0  h1_free_mt.o ABSOLUTE
    ../clib/heap1.c                          0x00000000   Number         0  h1_alloc_mt.o ABSOLUTE
    ../clib/heap1.c                          0x00000000   Number         0  h1_alloc.o ABSOLUTE
    ../clib/heap1.c                          0x00000000   Number         0  h1_extend.o ABSOLUTE
    ../clib/heap1.c                          0x00000000   Number         0  h1_init.o ABSOLUTE
    ../clib/heap1.c                          0x00000000   Number         0  h1_init_mt.o ABSOLUTE
    ../clib/heap1.c                          0x00000000   Number         0  h1_extend_mt.o ABSOLUTE
    ../clib/heap2.c                          0x00000000   Number         0  fdtree.o ABSOLUTE
    ../clib/heap2.c                          0x00000000   Number         0  heap2.o ABSOLUTE
    ../clib/heap2.c                          0x00000000   Number         0  heap2mt.o ABSOLUTE
    ../clib/heapalloc.c                      0x00000000   Number         0  term_alloc.o ABSOLUTE
    ../clib/heapalloc.c                      0x00000000   Number         0  hrguard.o ABSOLUTE
    ../clib/heapalloc.c                      0x00000000   Number         0  maybetermalloc2.o ABSOLUTE
    ../clib/heapalloc.c                      0x00000000   Number         0  maybetermalloc1.o ABSOLUTE
    ../clib/heapalloc.c                      0x00000000   Number         0  free.o ABSOLUTE
    ../clib/heapalloc.c                      0x00000000   Number         0  maybetermalloc1.o ABSOLUTE
    ../clib/heapalloc.c                      0x00000000   Number         0  maybetermalloc2.o ABSOLUTE
    ../clib/heapalloc.c                      0x00000000   Number         0  heapstubs.o ABSOLUTE
    ../clib/heapalloc.c                      0x00000000   Number         0  malloc.o ABSOLUTE
    ../clib/heapalloc.c                      0x00000000   Number         0  init_alloc.o ABSOLUTE
    ../clib/heapalloc.c                      0x00000000   Number         0  hguard.o ABSOLUTE
    ../clib/heapaux.c                        0x00000000   Number         0  heapauxa.o ABSOLUTE
    ../clib/heapaux.c                        0x00000000   Number         0  heapauxi.o ABSOLUTE
    ../clib/libinit.s                        0x00000000   Number         0  libinit2.o ABSOLUTE
    ../clib/libinit.s                        0x00000000   Number         0  libinit.o ABSOLUTE
    ../clib/libinit.s                        0x00000000   Number         0  libshutdown.o ABSOLUTE
    ../clib/libinit.s                        0x00000000   Number         0  libshutdown2.o ABSOLUTE
    ../clib/memcpset.s                       0x00000000   Number         0  rt_memclr_w.o ABSOLUTE
    ../clib/memcpset.s                       0x00000000   Number         0  rt_memcpy_w.o ABSOLUTE
    ../clib/printf.c                         0x00000000   Number         0  _printf_char_file.o ABSOLUTE
    ../clib/printf.c                         0x00000000   Number         0  _printf_char_common.o ABSOLUTE
    ../clib/printf.c                         0x00000000   Number         0  __printf_nopercent.o ABSOLUTE
    ../clib/printf.c                         0x00000000   Number         0  __2printf.o ABSOLUTE
    ../clib/printf.c                         0x00000000   Number         0  noretval__2printf.o ABSOLUTE
    ../clib/printf.c                         0x00000000   Number         0  __printf.o ABSOLUTE
    ../clib/printf.c                         0x00000000   Number         0  _printf_dec.o ABSOLUTE
    ../clib/printf.c                         0x00000000   Number         0  _printf_hex_ll.o ABSOLUTE
    ../clib/printf.c                         0x00000000   Number         0  _printf_hex_int.o ABSOLUTE
    ../clib/printf.c                         0x00000000   Number         0  _printf_hex_int_ll.o ABSOLUTE
    ../clib/printf.c                         0x00000000   Number         0  _printf_hex_ptr.o ABSOLUTE
    ../clib/printf.c                         0x00000000   Number         0  _printf_hex_int_ptr.o ABSOLUTE
    ../clib/printf.c                         0x00000000   Number         0  _printf_hex_ll_ptr.o ABSOLUTE
    ../clib/printf.c                         0x00000000   Number         0  _printf_hex_int_ll_ptr.o ABSOLUTE
    ../clib/printf.c                         0x00000000   Number         0  __printf_flags.o ABSOLUTE
    ../clib/printf.c                         0x00000000   Number         0  __printf_ss.o ABSOLUTE
    ../clib/printf.c                         0x00000000   Number         0  __printf_flags_ss.o ABSOLUTE
    ../clib/printf.c                         0x00000000   Number         0  __printf_wp.o ABSOLUTE
    ../clib/printf.c                         0x00000000   Number         0  __printf_flags_wp.o ABSOLUTE
    ../clib/printf.c                         0x00000000   Number         0  __printf_ss_wp.o ABSOLUTE
    ../clib/printf.c                         0x00000000   Number         0  __printf_flags_ss_wp.o ABSOLUTE
    ../clib/printf.c                         0x00000000   Number         0  _printf_intcommon.o ABSOLUTE
    ../clib/printf_percent.s                 0x00000000   Number         0  _printf_percent.o ABSOLUTE
    ../clib/printf_percent.s                 0x00000000   Number         0  _printf_d.o ABSOLUTE
    ../clib/printf_percent.s                 0x00000000   Number         0  _printf_percent_end.o ABSOLUTE
    ../clib/printf_percent.s                 0x00000000   Number         0  _printf_x.o ABSOLUTE
    ../clib/signal.c                         0x00000000   Number         0  defsig_rtred_inner.o ABSOLUTE
    ../clib/signal.c                         0x00000000   Number         0  defsig_rtmem_inner.o ABSOLUTE
    ../clib/signal.c                         0x00000000   Number         0  defsig_cppl_inner.o ABSOLUTE
    ../clib/signal.c                         0x00000000   Number         0  defsig_abrt_inner.o ABSOLUTE
    ../clib/signal.c                         0x00000000   Number         0  defsig_general.o ABSOLUTE
    ../clib/signal.c                         0x00000000   Number         0  __raise.o ABSOLUTE
    ../clib/signal.c                         0x00000000   Number         0  defsig_exit.o ABSOLUTE
    ../clib/signal.c                         0x00000000   Number         0  defsig_rtred_formal.o ABSOLUTE
    ../clib/signal.c                         0x00000000   Number         0  defsig_stak_inner.o ABSOLUTE
    ../clib/signal.c                         0x00000000   Number         0  defsig_rtred_outer.o ABSOLUTE
    ../clib/signal.c                         0x00000000   Number         0  defsig_fpe_inner.o ABSOLUTE
    ../clib/signal.c                         0x00000000   Number         0  defsig_pvfn_inner.o ABSOLUTE
    ../clib/signal.c                         0x00000000   Number         0  defsig_segv_inner.o ABSOLUTE
    ../clib/signal.c                         0x00000000   Number         0  defsig_other.o ABSOLUTE
    ../clib/signal.c                         0x00000000   Number         0  defsig_rtmem_outer.o ABSOLUTE
    ../clib/signal.c                         0x00000000   Number         0  defsig_rtmem_formal.o ABSOLUTE
    ../clib/signal.s                         0x00000000   Number         0  defsig.o ABSOLUTE
    ../clib/stdio.c                          0x00000000   Number         0  setvbuf_locked.o ABSOLUTE
    ../clib/stdio.c                          0x00000000   Number         0  fopen_locked.o ABSOLUTE
    ../clib/stdio.c                          0x00000000   Number         0  ferror.o ABSOLUTE
    ../clib/stdio.c                          0x00000000   Number         0  ferror_locked.o ABSOLUTE
    ../clib/stdio.c                          0x00000000   Number         0  fseek.o ABSOLUTE
    ../clib/stdio.c                          0x00000000   Number         0  stdio.o ABSOLUTE
    ../clib/stdio.c                          0x00000000   Number         0  initio.o ABSOLUTE
    ../clib/stdio.c                          0x00000000   Number         0  streamlock.o ABSOLUTE
    ../clib/stdio.c                          0x00000000   Number         0  fopen.o ABSOLUTE
    ../clib/stdio.c                          0x00000000   Number         0  fclose.o ABSOLUTE
    ../clib/stdio.c                          0x00000000   Number         0  ftell.o ABSOLUTE
    ../clib/stdio.c                          0x00000000   Number         0  stdio_streams.o ABSOLUTE
    ../clib/stdio.c                          0x00000000   Number         0  initio_locked.o ABSOLUTE
    ../clib/stdio.c                          0x00000000   Number         0  setvbuf.o ABSOLUTE
    ../clib/stdlib.c                         0x00000000   Number         0  exit.o ABSOLUTE
    ../clib/string.c                         0x00000000   Number         0  strlen.o ABSOLUTE
    ../fplib/fpinit.s                        0x00000000   Number         0  fpinit.o ABSOLUTE
    CMSIS\\core_cm3.c                        0x00000000   Number         0  core_cm3.o ABSOLUTE
    CMSIS\core_cm3.c                         0x00000000   Number         0  core_cm3.o ABSOLUTE
    CMSIS\system_stm32f10x.c                 0x00000000   Number         0  system_stm32f10x.o ABSOLUTE
    Library\src\stm32f10x_adc.c              0x00000000   Number         0  stm32f10x_adc.o ABSOLUTE
    Library\src\stm32f10x_dma.c              0x00000000   Number         0  stm32f10x_dma.o ABSOLUTE
    Library\src\stm32f10x_gpio.c             0x00000000   Number         0  stm32f10x_gpio.o ABSOLUTE
    Library\src\stm32f10x_it.c               0x00000000   Number         0  stm32f10x_it.o ABSOLUTE
    Library\src\stm32f10x_rcc.c              0x00000000   Number         0  stm32f10x_rcc.o ABSOLUTE
    Library\src\stm32f10x_usart.c            0x00000000   Number         0  stm32f10x_usart.o ABSOLUTE
    dc.s                                     0x00000000   Number         0  dc.o ABSOLUTE
    main.c                                   0x00000000   Number         0  main.o ABSOLUTE
    startup_stm32f10x_md.s                   0x00000000   Number         0  startup_stm32f10x_md.o ABSOLUTE
    RESET                                    0x08000000   Section      236  startup_stm32f10x_md.o(RESET)
    !!!main                                  0x080000ec   Section        8  __main.o(!!!main)
    !!!scatter                               0x080000f4   Section       52  __scatter.o(!!!scatter)
    !!handler_copy                           0x08000128   Section       26  __scatter_copy.o(!!handler_copy)
    !!handler_zi                             0x08000144   Section       28  __scatter_zi.o(!!handler_zi)
    .ARM.Collect$$_printf_percent$$00000000  0x08000160   Section        0  _printf_percent.o(.ARM.Collect$$_printf_percent$$00000000)
    .ARM.Collect$$_printf_percent$$00000009  0x08000160   Section        6  _printf_d.o(.ARM.Collect$$_printf_percent$$00000009)
    .ARM.Collect$$_printf_percent$$0000000C  0x08000166   Section        6  _printf_x.o(.ARM.Collect$$_printf_percent$$0000000C)
    .ARM.Collect$$_printf_percent$$00000017  0x0800016c   Section        4  _printf_percent_end.o(.ARM.Collect$$_printf_percent$$00000017)
    .ARM.Collect$$libinit$$00000000          0x08000170   Section        2  libinit.o(.ARM.Collect$$libinit$$00000000)
    .ARM.Collect$$libinit$$00000002          0x08000172   Section        0  libinit2.o(.ARM.Collect$$libinit$$00000002)
    .ARM.Collect$$libinit$$00000004          0x08000172   Section        0  libinit2.o(.ARM.Collect$$libinit$$00000004)
    .ARM.Collect$$libinit$$00000005          0x08000172   Section        8  libinit2.o(.ARM.Collect$$libinit$$00000005)
    .ARM.Collect$$libinit$$0000000A          0x0800017a   Section        0  libinit2.o(.ARM.Collect$$libinit$$0000000A)
    .ARM.Collect$$libinit$$0000000C          0x0800017a   Section        0  libinit2.o(.ARM.Collect$$libinit$$0000000C)
    .ARM.Collect$$libinit$$0000000E          0x0800017a   Section        0  libinit2.o(.ARM.Collect$$libinit$$0000000E)
    .ARM.Collect$$libinit$$00000011          0x0800017a   Section        0  libinit2.o(.ARM.Collect$$libinit$$00000011)
    .ARM.Collect$$libinit$$00000013          0x0800017a   Section        0  libinit2.o(.ARM.Collect$$libinit$$00000013)
    .ARM.Collect$$libinit$$00000015          0x0800017a   Section        0  libinit2.o(.ARM.Collect$$libinit$$00000015)
    .ARM.Collect$$libinit$$00000017          0x0800017a   Section        0  libinit2.o(.ARM.Collect$$libinit$$00000017)
    .ARM.Collect$$libinit$$00000019          0x0800017a   Section        0  libinit2.o(.ARM.Collect$$libinit$$00000019)
    .ARM.Collect$$libinit$$0000001B          0x0800017a   Section        0  libinit2.o(.ARM.Collect$$libinit$$0000001B)
    .ARM.Collect$$libinit$$0000001D          0x0800017a   Section        0  libinit2.o(.ARM.Collect$$libinit$$0000001D)
    .ARM.Collect$$libinit$$0000001F          0x0800017a   Section        0  libinit2.o(.ARM.Collect$$libinit$$0000001F)
    .ARM.Collect$$libinit$$00000021          0x0800017a   Section        0  libinit2.o(.ARM.Collect$$libinit$$00000021)
    .ARM.Collect$$libinit$$00000023          0x0800017a   Section        0  libinit2.o(.ARM.Collect$$libinit$$00000023)
    .ARM.Collect$$libinit$$00000024          0x0800017a   Section        4  libinit2.o(.ARM.Collect$$libinit$$00000024)
    .ARM.Collect$$libinit$$00000025          0x0800017e   Section        0  libinit2.o(.ARM.Collect$$libinit$$00000025)
    .ARM.Collect$$libinit$$0000002C          0x0800017e   Section        0  libinit2.o(.ARM.Collect$$libinit$$0000002C)
    .ARM.Collect$$libinit$$0000002E          0x0800017e   Section        0  libinit2.o(.ARM.Collect$$libinit$$0000002E)
    .ARM.Collect$$libinit$$00000030          0x0800017e   Section        0  libinit2.o(.ARM.Collect$$libinit$$00000030)
    .ARM.Collect$$libinit$$00000032          0x0800017e   Section        0  libinit2.o(.ARM.Collect$$libinit$$00000032)
    .ARM.Collect$$libinit$$00000033          0x0800017e   Section        2  libinit2.o(.ARM.Collect$$libinit$$00000033)
    .ARM.Collect$$libshutdown$$00000000      0x08000180   Section        2  libshutdown.o(.ARM.Collect$$libshutdown$$00000000)
    .ARM.Collect$$libshutdown$$00000002      0x08000182   Section        0  libshutdown2.o(.ARM.Collect$$libshutdown$$00000002)
    .ARM.Collect$$libshutdown$$00000003      0x08000182   Section        4  libshutdown2.o(.ARM.Collect$$libshutdown$$00000003)
    .ARM.Collect$$libshutdown$$00000004      0x08000186   Section        0  libshutdown2.o(.ARM.Collect$$libshutdown$$00000004)
    .ARM.Collect$$libshutdown$$00000007      0x08000186   Section        0  libshutdown2.o(.ARM.Collect$$libshutdown$$00000007)
    .ARM.Collect$$libshutdown$$0000000A      0x08000186   Section        0  libshutdown2.o(.ARM.Collect$$libshutdown$$0000000A)
    .ARM.Collect$$libshutdown$$0000000C      0x08000186   Section        0  libshutdown2.o(.ARM.Collect$$libshutdown$$0000000C)
    .ARM.Collect$$libshutdown$$0000000F      0x08000186   Section        0  libshutdown2.o(.ARM.Collect$$libshutdown$$0000000F)
    .ARM.Collect$$libshutdown$$00000010      0x08000186   Section        2  libshutdown2.o(.ARM.Collect$$libshutdown$$00000010)
    .ARM.Collect$$rtentry$$00000000          0x08000188   Section        0  __rtentry.o(.ARM.Collect$$rtentry$$00000000)
    .ARM.Collect$$rtentry$$00000002          0x08000188   Section        0  __rtentry2.o(.ARM.Collect$$rtentry$$00000002)
    .ARM.Collect$$rtentry$$00000004          0x08000188   Section        6  __rtentry4.o(.ARM.Collect$$rtentry$$00000004)
    .ARM.Collect$$rtentry$$00000009          0x0800018e   Section        0  __rtentry2.o(.ARM.Collect$$rtentry$$00000009)
    .ARM.Collect$$rtentry$$0000000A          0x0800018e   Section        4  __rtentry2.o(.ARM.Collect$$rtentry$$0000000A)
    .ARM.Collect$$rtentry$$0000000C          0x08000192   Section        0  __rtentry2.o(.ARM.Collect$$rtentry$$0000000C)
    .ARM.Collect$$rtentry$$0000000D          0x08000192   Section        8  __rtentry2.o(.ARM.Collect$$rtentry$$0000000D)
    .ARM.Collect$$rtexit$$00000000           0x0800019a   Section        2  rtexit.o(.ARM.Collect$$rtexit$$00000000)
    .ARM.Collect$$rtexit$$00000002           0x0800019c   Section        0  rtexit2.o(.ARM.Collect$$rtexit$$00000002)
    .ARM.Collect$$rtexit$$00000003           0x0800019c   Section        4  rtexit2.o(.ARM.Collect$$rtexit$$00000003)
    .ARM.Collect$$rtexit$$00000004           0x080001a0   Section        6  rtexit2.o(.ARM.Collect$$rtexit$$00000004)
    .emb_text                                0x080001a8   Section        0  maybetermalloc1.o(.emb_text)
    .text                                    0x080001a8   Section       64  startup_stm32f10x_md.o(.text)
    .text                                    0x080001e8   Section        0  noretval__2printf.o(.text)
    .text                                    0x08000200   Section        0  __printf.o(.text)
    .text                                    0x08000268   Section        0  _printf_dec.o(.text)
    .text                                    0x080002e0   Section        0  _printf_hex_int.o(.text)
    .text                                    0x08000338   Section        0  heapauxi.o(.text)
    .text                                    0x0800033e   Section        0  _printf_intcommon.o(.text)
    .text                                    0x080003f0   Section        0  _printf_char_file.o(.text)
    .text                                    0x08000414   Section        0  _printf_char_common.o(.text)
    _printf_input_char                       0x08000415   Thumb Code    10  _printf_char_common.o(.text)
    .text                                    0x08000444   Section        0  ferror.o(.text)
    .text                                    0x0800044c   Section        0  initio.o(.text)
    .text                                    0x08000584   Section        0  sys_io.o(.text)
    .text                                    0x080005ea   Section       74  sys_stackheap_outer.o(.text)
    .text                                    0x08000634   Section        0  h1_free.o(.text)
    .text                                    0x08000682   Section        0  setvbuf.o(.text)
    .text                                    0x080006c8   Section        0  fopen.o(.text)
    _freopen_locked                          0x080006c9   Thumb Code     0  fopen.o(.text)
    .text                                    0x080007b4   Section        0  fclose.o(.text)
    .text                                    0x08000800   Section        0  exit.o(.text)
    .text                                    0x08000812   Section        0  defsig_rtred_outer.o(.text)
    .text                                    0x08000820   Section       78  rt_memclr_w.o(.text)
    .text                                    0x08000870   Section        8  libspace.o(.text)
    .text                                    0x08000878   Section        2  use_no_semi.o(.text)
    .text                                    0x0800087a   Section        0  indicate_semi.o(.text)
    .text                                    0x0800087c   Section        8  rt_heap_descriptor_intlibspace.o(.text)
    .text                                    0x08000884   Section        0  hguard.o(.text)
    .text                                    0x08000888   Section        0  init_alloc.o(.text)
    .text                                    0x08000912   Section        0  h1_alloc.o(.text)
    .text                                    0x08000970   Section        0  fseek.o(.text)
    .text                                    0x08000a68   Section        0  stdio.o(.text)
    .text                                    0x08000b58   Section        0  defsig_exit.o(.text)
    .text                                    0x08000b64   Section        0  defsig_rtred_inner.o(.text)
    .text                                    0x08000b98   Section        0  strlen.o(.text)
    .text                                    0x08000bd8   Section        0  sys_exit.o(.text)
    .text                                    0x08000be4   Section        0  h1_init.o(.text)
    .text                                    0x08000bf2   Section        0  h1_extend.o(.text)
    .text                                    0x08000c26   Section        0  ftell.o(.text)
    .text                                    0x08000c68   Section        0  defsig_general.o(.text)
    .text                                    0x08000c9a   Section        0  defsig_rtmem_outer.o(.text)
    .text                                    0x08000ca8   Section        0  sys_wrch.o(.text)
    .text                                    0x08000cb8   Section        8  rt_errno_addr_intlibspace.o(.text)
    .text                                    0x08000cc0   Section        0  defsig_rtmem_inner.o(.text)
    i.ADC_Cmd                                0x08000d10   Section        0  stm32f10x_adc.o(i.ADC_Cmd)
    i.ADC_DMACmd                             0x08000d24   Section        0  stm32f10x_adc.o(i.ADC_DMACmd)
    i.ADC_GetCalibrationStatus               0x08000d38   Section        0  stm32f10x_adc.o(i.ADC_GetCalibrationStatus)
    i.ADC_GetResetCalibrationStatus          0x08000d46   Section        0  stm32f10x_adc.o(i.ADC_GetResetCalibrationStatus)
    i.ADC_Init                               0x08000d54   Section        0  stm32f10x_adc.o(i.ADC_Init)
    i.ADC_RegularChannelConfig               0x08000d9c   Section        0  stm32f10x_adc.o(i.ADC_RegularChannelConfig)
    i.ADC_ResetCalibration                   0x08000e10   Section        0  stm32f10x_adc.o(i.ADC_ResetCalibration)
    i.ADC_SoftwareStartConvCmd               0x08000e1a   Section        0  stm32f10x_adc.o(i.ADC_SoftwareStartConvCmd)
    i.ADC_StartCalibration                   0x08000e2e   Section        0  stm32f10x_adc.o(i.ADC_StartCalibration)
    i.BusFault_Handler                       0x08000e38   Section        0  stm32f10x_it.o(i.BusFault_Handler)
    i.DMA_Cmd                                0x08000e3a   Section        0  stm32f10x_dma.o(i.DMA_Cmd)
    i.DMA_DeInit                             0x08000e50   Section        0  stm32f10x_dma.o(i.DMA_DeInit)
    i.DMA_Init                               0x08000f34   Section        0  stm32f10x_dma.o(i.DMA_Init)
    i.DebugMon_Handler                       0x08000f6e   Section        0  stm32f10x_it.o(i.DebugMon_Handler)
    i.GPIO_Init                              0x08000f70   Section        0  stm32f10x_gpio.o(i.GPIO_Init)
    i.HardFault_Handler                      0x08001012   Section        0  stm32f10x_it.o(i.HardFault_Handler)
    i.MemManage_Handler                      0x08001014   Section        0  stm32f10x_it.o(i.MemManage_Handler)
    i.NMI_Handler                            0x08001016   Section        0  stm32f10x_it.o(i.NMI_Handler)
    i.PendSV_Handler                         0x08001018   Section        0  stm32f10x_it.o(i.PendSV_Handler)
    i.RCC_AHBPeriphClockCmd                  0x0800101c   Section        0  stm32f10x_rcc.o(i.RCC_AHBPeriphClockCmd)
    i.RCC_APB2PeriphClockCmd                 0x08001034   Section        0  stm32f10x_rcc.o(i.RCC_APB2PeriphClockCmd)
    i.RCC_GetClocksFreq                      0x0800104c   Section        0  stm32f10x_rcc.o(i.RCC_GetClocksFreq)
    i.STM32_Shenzhou_COMInit                 0x080010dc   Section        0  main.o(i.STM32_Shenzhou_COMInit)
    i.SVC_Handler                            0x08001140   Section        0  stm32f10x_it.o(i.SVC_Handler)
    i.SetSysClockTo72                        0x08001144   Section        0  system_stm32f10x.o(i.SetSysClockTo72)
    SetSysClockTo72                          0x08001145   Thumb Code   160  system_stm32f10x.o(i.SetSysClockTo72)
    i.SysTick_Handler                        0x080011ec   Section        0  stm32f10x_it.o(i.SysTick_Handler)
    i.SystemInit                             0x080011f0   Section        0  system_stm32f10x.o(i.SystemInit)
    i.USART_Cmd                              0x08001240   Section        0  stm32f10x_usart.o(i.USART_Cmd)
    i.USART_GetFlagStatus                    0x08001254   Section        0  stm32f10x_usart.o(i.USART_GetFlagStatus)
    i.USART_Init                             0x08001264   Section        0  stm32f10x_usart.o(i.USART_Init)
    i.USART_SendData                         0x08001310   Section        0  stm32f10x_usart.o(i.USART_SendData)
    i.UsageFault_Handler                     0x08001318   Section        0  stm32f10x_it.o(i.UsageFault_Handler)
    i.fputc                                  0x0800131c   Section        0  main.o(i.fputc)
    i.main                                   0x08001340   Section        0  main.o(i.main)
    .constdata                               0x08001478   Section       40  _printf_hex_int.o(.constdata)
    uc_hextab                                0x08001478   Data          20  _printf_hex_int.o(.constdata)
    lc_hextab                                0x0800148c   Data          20  _printf_hex_int.o(.constdata)
    .constdata                               0x080014a0   Section        4  sys_io.o(.constdata)
    .constdata                               0x080014a4   Section        4  sys_io.o(.constdata)
    .constdata                               0x080014a8   Section        4  sys_io.o(.constdata)
    .conststring                             0x080014ac   Section       82  main.o(.conststring)
    .data                                    0x20000000   Section        2  main.o(.data)
    .data                                    0x20000002   Section       20  stm32f10x_rcc.o(.data)
    ADCPrescTable                            0x20000002   Data           4  stm32f10x_rcc.o(.data)
    APBAHBPrescTable                         0x20000006   Data          16  stm32f10x_rcc.o(.data)
    .data                                    0x20000018   Section        4  stdio_streams.o(.data)
    .data                                    0x2000001c   Section        4  stdio_streams.o(.data)
    .data                                    0x20000020   Section        4  stdio_streams.o(.data)
    .bss                                     0x20000024   Section       80  main.o(.bss)
    .bss                                     0x20000074   Section       84  stdio_streams.o(.bss)
    .bss                                     0x200000c8   Section       84  stdio_streams.o(.bss)
    .bss                                     0x2000011c   Section       84  stdio_streams.o(.bss)
    .bss                                     0x20000170   Section       96  libspace.o(.bss)
    HEAP                                     0x200001d0   Section      512  startup_stm32f10x_md.o(HEAP)
    Heap_Mem                                 0x200001d0   Data         512  startup_stm32f10x_md.o(HEAP)
    STACK                                    0x200003d0   Section     1024  startup_stm32f10x_md.o(STACK)
    Stack_Mem                                0x200003d0   Data        1024  startup_stm32f10x_md.o(STACK)
    __initial_sp                             0x200007d0   Data           0  startup_stm32f10x_md.o(STACK)

    Global Symbols

    Symbol Name                              Value     Ov Type        Size  Object(Section)

    BuildAttributes$$THM_ISAv4$P$D$K$B$S$PE$A:L22UL41UL21$X:L11$S22US41US21$IEEE1$IW$USESV6$~STKCKD$USESV7$~SHL$OTIME$ROPI$EBA8$UX$STANDARDLIB$REQ8$PRES8$EABIv2 0x00000000   Number         0  anon$$obj.o ABSOLUTE
    __ARM_use_no_argv                        0x00000000   Number         0  main.o ABSOLUTE
    __ARM_exceptions_init                     - Undefined Weak Reference
    __alloca_initialize                       - Undefined Weak Reference
    __arm_preinit_                            - Undefined Weak Reference
    __cpp_initialize__aeabi_                  - Undefined Weak Reference
    __cxa_finalize                            - Undefined Weak Reference
    __rt_locale                               - Undefined Weak Reference
    __sigvec_lookup                           - Undefined Weak Reference
    __user_heap_extent                        - Undefined Weak Reference
    _atexit_init                              - Undefined Weak Reference
    _call_atexit_fns                          - Undefined Weak Reference
    _clock_init                               - Undefined Weak Reference
    _fp_trap_init                             - Undefined Weak Reference
    _fp_trap_shutdown                         - Undefined Weak Reference
    _get_lc_collate                           - Undefined Weak Reference
    _get_lc_ctype                             - Undefined Weak Reference
    _get_lc_monetary                          - Undefined Weak Reference
    _get_lc_numeric                           - Undefined Weak Reference
    _get_lc_time                              - Undefined Weak Reference
    _getenv_init                              - Undefined Weak Reference
    _handle_redirection                       - Undefined Weak Reference
    _mutex_acquire                            - Undefined Weak Reference
    _mutex_free                               - Undefined Weak Reference
    _mutex_release                            - Undefined Weak Reference
    _printf_post_padding                      - Undefined Weak Reference
    _printf_pre_padding                       - Undefined Weak Reference
    _printf_truncate_signed                   - Undefined Weak Reference
    _printf_truncate_unsigned                 - Undefined Weak Reference
    _rand_init                                - Undefined Weak Reference
    _signal_finish                            - Undefined Weak Reference
    _signal_init                              - Undefined Weak Reference
    __Vectors_Size                           0x000000ec   Number         0  startup_stm32f10x_md.o ABSOLUTE
    __Vectors                                0x08000000   Data           4  startup_stm32f10x_md.o(RESET)
    __Vectors_End                            0x080000ec   Data           0  startup_stm32f10x_md.o(RESET)
    __main                                   0x080000ed   Thumb Code     8  __main.o(!!!main)
    __scatterload                            0x080000f5   Thumb Code     0  __scatter.o(!!!scatter)
    __scatterload_rt2                        0x080000f5   Thumb Code    44  __scatter.o(!!!scatter)
    __scatterload_rt2_thumb_only             0x080000f5   Thumb Code     0  __scatter.o(!!!scatter)
    __scatterload_null                       0x08000103   Thumb Code     0  __scatter.o(!!!scatter)
    __scatterload_copy                       0x08000129   Thumb Code    26  __scatter_copy.o(!!handler_copy)
    __scatterload_zeroinit                   0x08000145   Thumb Code    28  __scatter_zi.o(!!handler_zi)
    _printf_d                                0x08000161   Thumb Code     0  _printf_d.o(.ARM.Collect$$_printf_percent$$00000009)
    _printf_percent                          0x08000161   Thumb Code     0  _printf_percent.o(.ARM.Collect$$_printf_percent$$00000000)
    _printf_x                                0x08000167   Thumb Code     0  _printf_x.o(.ARM.Collect$$_printf_percent$$0000000C)
    _printf_percent_end                      0x0800016d   Thumb Code     0  _printf_percent_end.o(.ARM.Collect$$_printf_percent$$00000017)
    __rt_lib_init                            0x08000171   Thumb Code     0  libinit.o(.ARM.Collect$$libinit$$00000000)
    __rt_lib_init_fp_1                       0x08000173   Thumb Code     0  libinit2.o(.ARM.Collect$$libinit$$00000002)
    __rt_lib_init_heap_2                     0x08000173   Thumb Code     0  libinit2.o(.ARM.Collect$$libinit$$00000005)
    __rt_lib_init_preinit_1                  0x08000173   Thumb Code     0  libinit2.o(.ARM.Collect$$libinit$$00000004)
    __rt_lib_init_atexit_1                   0x0800017b   Thumb Code     0  libinit2.o(.ARM.Collect$$libinit$$0000001B)
    __rt_lib_init_clock_1                    0x0800017b   Thumb Code     0  libinit2.o(.ARM.Collect$$libinit$$00000021)
    __rt_lib_init_fp_trap_1                  0x0800017b   Thumb Code     0  libinit2.o(.ARM.Collect$$libinit$$0000001F)
    __rt_lib_init_getenv_1                   0x0800017b   Thumb Code     0  libinit2.o(.ARM.Collect$$libinit$$00000023)
    __rt_lib_init_heap_1                     0x0800017b   Thumb Code     0  libinit2.o(.ARM.Collect$$libinit$$0000000A)
    __rt_lib_init_lc_collate_1               0x0800017b   Thumb Code     0  libinit2.o(.ARM.Collect$$libinit$$00000011)
    __rt_lib_init_lc_ctype_1                 0x0800017b   Thumb Code     0  libinit2.o(.ARM.Collect$$libinit$$00000013)
    __rt_lib_init_lc_monetary_1              0x0800017b   Thumb Code     0  libinit2.o(.ARM.Collect$$libinit$$00000015)
    __rt_lib_init_lc_numeric_1               0x0800017b   Thumb Code     0  libinit2.o(.ARM.Collect$$libinit$$00000017)
    __rt_lib_init_lc_time_1                  0x0800017b   Thumb Code     0  libinit2.o(.ARM.Collect$$libinit$$00000019)
    __rt_lib_init_rand_1                     0x0800017b   Thumb Code     0  libinit2.o(.ARM.Collect$$libinit$$0000000E)
    __rt_lib_init_signal_1                   0x0800017b   Thumb Code     0  libinit2.o(.ARM.Collect$$libinit$$0000001D)
    __rt_lib_init_stdio_2                    0x0800017b   Thumb Code     0  libinit2.o(.ARM.Collect$$libinit$$00000024)
    __rt_lib_init_user_alloc_1               0x0800017b   Thumb Code     0  libinit2.o(.ARM.Collect$$libinit$$0000000C)
    __rt_lib_init_alloca_1                   0x0800017f   Thumb Code     0  libinit2.o(.ARM.Collect$$libinit$$0000002E)
    __rt_lib_init_argv_1                     0x0800017f   Thumb Code     0  libinit2.o(.ARM.Collect$$libinit$$0000002C)
    __rt_lib_init_cpp_1                      0x0800017f   Thumb Code     0  libinit2.o(.ARM.Collect$$libinit$$00000032)
    __rt_lib_init_exceptions_1               0x0800017f   Thumb Code     0  libinit2.o(.ARM.Collect$$libinit$$00000030)
    __rt_lib_init_return                     0x0800017f   Thumb Code     0  libinit2.o(.ARM.Collect$$libinit$$00000033)
    __rt_lib_init_stdio_1                    0x0800017f   Thumb Code     0  libinit2.o(.ARM.Collect$$libinit$$00000025)
    __rt_lib_shutdown                        0x08000181   Thumb Code     0  libshutdown.o(.ARM.Collect$$libshutdown$$00000000)
    __rt_lib_shutdown_cpp_1                  0x08000183   Thumb Code     0  libshutdown2.o(.ARM.Collect$$libshutdown$$00000002)
    __rt_lib_shutdown_stdio_2                0x08000183   Thumb Code     0  libshutdown2.o(.ARM.Collect$$libshutdown$$00000003)
    __rt_lib_shutdown_fp_trap_1              0x08000187   Thumb Code     0  libshutdown2.o(.ARM.Collect$$libshutdown$$00000007)
    __rt_lib_shutdown_heap_1                 0x08000187   Thumb Code     0  libshutdown2.o(.ARM.Collect$$libshutdown$$0000000F)
    __rt_lib_shutdown_return                 0x08000187   Thumb Code     0  libshutdown2.o(.ARM.Collect$$libshutdown$$00000010)
    __rt_lib_shutdown_signal_1               0x08000187   Thumb Code     0  libshutdown2.o(.ARM.Collect$$libshutdown$$0000000A)
    __rt_lib_shutdown_stdio_1                0x08000187   Thumb Code     0  libshutdown2.o(.ARM.Collect$$libshutdown$$00000004)
    __rt_lib_shutdown_user_alloc_1           0x08000187   Thumb Code     0  libshutdown2.o(.ARM.Collect$$libshutdown$$0000000C)
    __rt_entry                               0x08000189   Thumb Code     0  __rtentry.o(.ARM.Collect$$rtentry$$00000000)
    __rt_entry_presh_1                       0x08000189   Thumb Code     0  __rtentry2.o(.ARM.Collect$$rtentry$$00000002)
    __rt_entry_sh                            0x08000189   Thumb Code     0  __rtentry4.o(.ARM.Collect$$rtentry$$00000004)
    __rt_entry_li                            0x0800018f   Thumb Code     0  __rtentry2.o(.ARM.Collect$$rtentry$$0000000A)
    __rt_entry_postsh_1                      0x0800018f   Thumb Code     0  __rtentry2.o(.ARM.Collect$$rtentry$$00000009)
    __rt_entry_main                          0x08000193   Thumb Code     0  __rtentry2.o(.ARM.Collect$$rtentry$$0000000D)
    __rt_entry_postli_1                      0x08000193   Thumb Code     0  __rtentry2.o(.ARM.Collect$$rtentry$$0000000C)
    __rt_exit                                0x0800019b   Thumb Code     0  rtexit.o(.ARM.Collect$$rtexit$$00000000)
    __rt_exit_ls                             0x0800019d   Thumb Code     0  rtexit2.o(.ARM.Collect$$rtexit$$00000003)
    __rt_exit_prels_1                        0x0800019d   Thumb Code     0  rtexit2.o(.ARM.Collect$$rtexit$$00000002)
    __rt_exit_exit                           0x080001a1   Thumb Code     0  rtexit2.o(.ARM.Collect$$rtexit$$00000004)
    Reset_Handler                            0x080001a9   Thumb Code     8  startup_stm32f10x_md.o(.text)
    _maybe_terminate_alloc                   0x080001a9   Thumb Code     0  maybetermalloc1.o(.emb_text)
    ADC1_2_IRQHandler                        0x080001c3   Thumb Code     0  startup_stm32f10x_md.o(.text)
    CAN1_RX1_IRQHandler                      0x080001c3   Thumb Code     0  startup_stm32f10x_md.o(.text)
    CAN1_SCE_IRQHandler                      0x080001c3   Thumb Code     0  startup_stm32f10x_md.o(.text)
    DMA1_Channel1_IRQHandler                 0x080001c3   Thumb Code     0  startup_stm32f10x_md.o(.text)
    DMA1_Channel2_IRQHandler                 0x080001c3   Thumb Code     0  startup_stm32f10x_md.o(.text)
    DMA1_Channel3_IRQHandler                 0x080001c3   Thumb Code     0  startup_stm32f10x_md.o(.text)
    DMA1_Channel4_IRQHandler                 0x080001c3   Thumb Code     0  startup_stm32f10x_md.o(.text)
    DMA1_Channel5_IRQHandler                 0x080001c3   Thumb Code     0  startup_stm32f10x_md.o(.text)
    DMA1_Channel6_IRQHandler                 0x080001c3   Thumb Code     0  startup_stm32f10x_md.o(.text)
    DMA1_Channel7_IRQHandler                 0x080001c3   Thumb Code     0  startup_stm32f10x_md.o(.text)
    EXTI0_IRQHandler                         0x080001c3   Thumb Code     0  startup_stm32f10x_md.o(.text)
    EXTI15_10_IRQHandler                     0x080001c3   Thumb Code     0  startup_stm32f10x_md.o(.text)
    EXTI1_IRQHandler                         0x080001c3   Thumb Code     0  startup_stm32f10x_md.o(.text)
    EXTI2_IRQHandler                         0x080001c3   Thumb Code     0  startup_stm32f10x_md.o(.text)
    EXTI3_IRQHandler                         0x080001c3   Thumb Code     0  startup_stm32f10x_md.o(.text)
    EXTI4_IRQHandler                         0x080001c3   Thumb Code     0  startup_stm32f10x_md.o(.text)
    EXTI9_5_IRQHandler                       0x080001c3   Thumb Code     0  startup_stm32f10x_md.o(.text)
    FLASH_IRQHandler                         0x080001c3   Thumb Code     0  startup_stm32f10x_md.o(.text)
    I2C1_ER_IRQHandler                       0x080001c3   Thumb Code     0  startup_stm32f10x_md.o(.text)
    I2C1_EV_IRQHandler                       0x080001c3   Thumb Code     0  startup_stm32f10x_md.o(.text)
    I2C2_ER_IRQHandler                       0x080001c3   Thumb Code     0  startup_stm32f10x_md.o(.text)
    I2C2_EV_IRQHandler                       0x080001c3   Thumb Code     0  startup_stm32f10x_md.o(.text)
    PVD_IRQHandler                           0x080001c3   Thumb Code     0  startup_stm32f10x_md.o(.text)
    RCC_IRQHandler                           0x080001c3   Thumb Code     0  startup_stm32f10x_md.o(.text)
    RTCAlarm_IRQHandler                      0x080001c3   Thumb Code     0  startup_stm32f10x_md.o(.text)
    RTC_IRQHandler                           0x080001c3   Thumb Code     0  startup_stm32f10x_md.o(.text)
    SPI1_IRQHandler                          0x080001c3   Thumb Code     0  startup_stm32f10x_md.o(.text)
    SPI2_IRQHandler                          0x080001c3   Thumb Code     0  startup_stm32f10x_md.o(.text)
    TAMPER_IRQHandler                        0x080001c3   Thumb Code     0  startup_stm32f10x_md.o(.text)
    TIM1_BRK_IRQHandler                      0x080001c3   Thumb Code     0  startup_stm32f10x_md.o(.text)
    TIM1_CC_IRQHandler                       0x080001c3   Thumb Code     0  startup_stm32f10x_md.o(.text)
    TIM1_TRG_COM_IRQHandler                  0x080001c3   Thumb Code     0  startup_stm32f10x_md.o(.text)
    TIM1_UP_IRQHandler                       0x080001c3   Thumb Code     0  startup_stm32f10x_md.o(.text)
    TIM2_IRQHandler                          0x080001c3   Thumb Code     0  startup_stm32f10x_md.o(.text)
    TIM3_IRQHandler                          0x080001c3   Thumb Code     0  startup_stm32f10x_md.o(.text)
    TIM4_IRQHandler                          0x080001c3   Thumb Code     0  startup_stm32f10x_md.o(.text)
    USART1_IRQHandler                        0x080001c3   Thumb Code     0  startup_stm32f10x_md.o(.text)
    USART2_IRQHandler                        0x080001c3   Thumb Code     0  startup_stm32f10x_md.o(.text)
    USART3_IRQHandler                        0x080001c3   Thumb Code     0  startup_stm32f10x_md.o(.text)
    USBWakeUp_IRQHandler                     0x080001c3   Thumb Code     0  startup_stm32f10x_md.o(.text)
    USB_HP_CAN1_TX_IRQHandler                0x080001c3   Thumb Code     0  startup_stm32f10x_md.o(.text)
    USB_LP_CAN1_RX0_IRQHandler               0x080001c3   Thumb Code     0  startup_stm32f10x_md.o(.text)
    WWDG_IRQHandler                          0x080001c3   Thumb Code     0  startup_stm32f10x_md.o(.text)
    __user_initial_stackheap                 0x080001c5   Thumb Code     0  startup_stm32f10x_md.o(.text)
    __2printf                                0x080001e9   Thumb Code    20  noretval__2printf.o(.text)
    __printf                                 0x08000201   Thumb Code   104  __printf.o(.text)
    _printf_int_dec                          0x08000269   Thumb Code   104  _printf_dec.o(.text)
    _printf_int_hex                          0x080002e1   Thumb Code    84  _printf_hex_int.o(.text)
    _printf_longlong_hex                     0x080002e1   Thumb Code     0  _printf_hex_int.o(.text)
    __use_two_region_memory                  0x08000339   Thumb Code     2  heapauxi.o(.text)
    __rt_heap_escrow                         0x0800033b   Thumb Code     2  heapauxi.o(.text)
    __rt_heap_expand                         0x0800033d   Thumb Code     2  heapauxi.o(.text)
    _printf_int_common                       0x0800033f   Thumb Code   178  _printf_intcommon.o(.text)
    _printf_char_file                        0x080003f1   Thumb Code    32  _printf_char_file.o(.text)
    _printf_char_common                      0x0800041f   Thumb Code    32  _printf_char_common.o(.text)
    ferror                                   0x08000445   Thumb Code     8  ferror.o(.text)
    _initio                                  0x0800044d   Thumb Code   210  initio.o(.text)
    _terminateio                             0x0800051f   Thumb Code    56  initio.o(.text)
    _sys_open                                0x08000585   Thumb Code    20  sys_io.o(.text)
    _sys_close                               0x08000599   Thumb Code    12  sys_io.o(.text)
    _sys_write                               0x080005a5   Thumb Code    16  sys_io.o(.text)
    _sys_read                                0x080005b5   Thumb Code    14  sys_io.o(.text)
    _sys_istty                               0x080005c3   Thumb Code    12  sys_io.o(.text)
    _sys_seek                                0x080005cf   Thumb Code    14  sys_io.o(.text)
    _sys_ensure                              0x080005dd   Thumb Code     2  sys_io.o(.text)
    _sys_flen                                0x080005df   Thumb Code    12  sys_io.o(.text)
    __user_setup_stackheap                   0x080005eb   Thumb Code    74  sys_stackheap_outer.o(.text)
    free                                     0x08000635   Thumb Code    78  h1_free.o(.text)
    setvbuf                                  0x08000683   Thumb Code    70  setvbuf.o(.text)
    freopen                                  0x080006c9   Thumb Code   158  fopen.o(.text)
    fopen                                    0x08000767   Thumb Code    74  fopen.o(.text)
    _fclose_internal                         0x080007b5   Thumb Code    76  fclose.o(.text)
    fclose                                   0x080007b5   Thumb Code     0  fclose.o(.text)
    exit                                     0x08000801   Thumb Code    18  exit.o(.text)
    __rt_SIGRTRED                            0x08000813   Thumb Code    14  defsig_rtred_outer.o(.text)
    __aeabi_memclr4                          0x08000821   Thumb Code     0  rt_memclr_w.o(.text)
    __aeabi_memclr8                          0x08000821   Thumb Code     0  rt_memclr_w.o(.text)
    __rt_memclr_w                            0x08000821   Thumb Code    78  rt_memclr_w.o(.text)
    _memset_w                                0x08000825   Thumb Code     0  rt_memclr_w.o(.text)
    __user_libspace                          0x08000871   Thumb Code     8  libspace.o(.text)
    __user_perproc_libspace                  0x08000871   Thumb Code     0  libspace.o(.text)
    __user_perthread_libspace                0x08000871   Thumb Code     0  libspace.o(.text)
    __I$use$semihosting                      0x08000879   Thumb Code     0  use_no_semi.o(.text)
    __use_no_semihosting_swi                 0x08000879   Thumb Code     2  use_no_semi.o(.text)
    __semihosting_library_function           0x0800087b   Thumb Code     0  indicate_semi.o(.text)
    __rt_heap_descriptor                     0x0800087d   Thumb Code     8  rt_heap_descriptor_intlibspace.o(.text)
    __use_no_heap                            0x08000885   Thumb Code     2  hguard.o(.text)
    __heap$guard                             0x08000887   Thumb Code     2  hguard.o(.text)
    _terminate_user_alloc                    0x08000889   Thumb Code     2  init_alloc.o(.text)
    _init_user_alloc                         0x0800088b   Thumb Code     2  init_alloc.o(.text)
    __Heap_Full                              0x0800088d   Thumb Code    34  init_alloc.o(.text)
    __Heap_Broken                            0x080008af   Thumb Code     6  init_alloc.o(.text)
    _init_alloc                              0x080008b5   Thumb Code    94  init_alloc.o(.text)
    malloc                                   0x08000913   Thumb Code    94  h1_alloc.o(.text)
    _fseek                                   0x08000971   Thumb Code   242  fseek.o(.text)
    fseek                                    0x08000971   Thumb Code     0  fseek.o(.text)
    _seterr                                  0x08000a69   Thumb Code    20  stdio.o(.text)
    _writebuf                                0x08000a7d   Thumb Code    84  stdio.o(.text)
    _fflush                                  0x08000ad1   Thumb Code    70  stdio.o(.text)
    _deferredlazyseek                        0x08000b17   Thumb Code    60  stdio.o(.text)
    __sig_exit                               0x08000b59   Thumb Code    10  defsig_exit.o(.text)
    __rt_SIGRTRED_inner                      0x08000b65   Thumb Code    14  defsig_rtred_inner.o(.text)
    strlen                                   0x08000b99   Thumb Code    62  strlen.o(.text)
    _sys_exit                                0x08000bd9   Thumb Code     8  sys_exit.o(.text)
    __Heap_Initialize                        0x08000be5   Thumb Code    10  h1_init.o(.text)
    __Heap_DescSize                          0x08000bef   Thumb Code     4  h1_init.o(.text)
    __Heap_ProvideMemory                     0x08000bf3   Thumb Code    52  h1_extend.o(.text)
    _ftell_internal                          0x08000c27   Thumb Code    66  ftell.o(.text)
    ftell                                    0x08000c27   Thumb Code     0  ftell.o(.text)
    __default_signal_display                 0x08000c69   Thumb Code    50  defsig_general.o(.text)
    __rt_SIGRTMEM                            0x08000c9b   Thumb Code    14  defsig_rtmem_outer.o(.text)
    _ttywrch                                 0x08000ca9   Thumb Code    14  sys_wrch.o(.text)
    __aeabi_errno_addr                       0x08000cb9   Thumb Code     8  rt_errno_addr_intlibspace.o(.text)
    __errno$intlibspace                      0x08000cb9   Thumb Code     0  rt_errno_addr_intlibspace.o(.text)
    __rt_errno_addr$intlibspace              0x08000cb9   Thumb Code     0  rt_errno_addr_intlibspace.o(.text)
    __rt_SIGRTMEM_inner                      0x08000cc1   Thumb Code    22  defsig_rtmem_inner.o(.text)
    ADC_Cmd                                  0x08000d11   Thumb Code    20  stm32f10x_adc.o(i.ADC_Cmd)
    ADC_DMACmd                               0x08000d25   Thumb Code    20  stm32f10x_adc.o(i.ADC_DMACmd)
    ADC_GetCalibrationStatus                 0x08000d39   Thumb Code    14  stm32f10x_adc.o(i.ADC_GetCalibrationStatus)
    ADC_GetResetCalibrationStatus            0x08000d47   Thumb Code    14  stm32f10x_adc.o(i.ADC_GetResetCalibrationStatus)
    ADC_Init                                 0x08000d55   Thumb Code    62  stm32f10x_adc.o(i.ADC_Init)
    ADC_RegularChannelConfig                 0x08000d9d   Thumb Code   116  stm32f10x_adc.o(i.ADC_RegularChannelConfig)
    ADC_ResetCalibration                     0x08000e11   Thumb Code    10  stm32f10x_adc.o(i.ADC_ResetCalibration)
    ADC_SoftwareStartConvCmd                 0x08000e1b   Thumb Code    20  stm32f10x_adc.o(i.ADC_SoftwareStartConvCmd)
    ADC_StartCalibration                     0x08000e2f   Thumb Code    10  stm32f10x_adc.o(i.ADC_StartCalibration)
    BusFault_Handler                         0x08000e39   Thumb Code     2  stm32f10x_it.o(i.BusFault_Handler)
    DMA_Cmd                                  0x08000e3b   Thumb Code    22  stm32f10x_dma.o(i.DMA_Cmd)
    DMA_DeInit                               0x08000e51   Thumb Code   218  stm32f10x_dma.o(i.DMA_DeInit)
    DMA_Init                                 0x08000f35   Thumb Code    58  stm32f10x_dma.o(i.DMA_Init)
    DebugMon_Handler                         0x08000f6f   Thumb Code     2  stm32f10x_it.o(i.DebugMon_Handler)
    GPIO_Init                                0x08000f71   Thumb Code   162  stm32f10x_gpio.o(i.GPIO_Init)
    HardFault_Handler                        0x08001013   Thumb Code     2  stm32f10x_it.o(i.HardFault_Handler)
    MemManage_Handler                        0x08001015   Thumb Code     2  stm32f10x_it.o(i.MemManage_Handler)
    NMI_Handler                              0x08001017   Thumb Code     2  stm32f10x_it.o(i.NMI_Handler)
    PendSV_Handler                           0x08001019   Thumb Code     2  stm32f10x_it.o(i.PendSV_Handler)
    RCC_AHBPeriphClockCmd                    0x0800101d   Thumb Code    18  stm32f10x_rcc.o(i.RCC_AHBPeriphClockCmd)
    RCC_APB2PeriphClockCmd                   0x08001035   Thumb Code    18  stm32f10x_rcc.o(i.RCC_APB2PeriphClockCmd)
    RCC_GetClocksFreq                        0x0800104d   Thumb Code   128  stm32f10x_rcc.o(i.RCC_GetClocksFreq)
    STM32_Shenzhou_COMInit                   0x080010dd   Thumb Code    90  main.o(i.STM32_Shenzhou_COMInit)
    SVC_Handler                              0x08001141   Thumb Code     2  stm32f10x_it.o(i.SVC_Handler)
    SysTick_Handler                          0x080011ed   Thumb Code     2  stm32f10x_it.o(i.SysTick_Handler)
    SystemInit                               0x080011f1   Thumb Code    64  system_stm32f10x.o(i.SystemInit)
    USART_Cmd                                0x08001241   Thumb Code    20  stm32f10x_usart.o(i.USART_Cmd)
    USART_GetFlagStatus                      0x08001255   Thumb Code    14  stm32f10x_usart.o(i.USART_GetFlagStatus)
    USART_Init                               0x08001265   Thumb Code   166  stm32f10x_usart.o(i.USART_Init)
    USART_SendData                           0x08001311   Thumb Code     8  stm32f10x_usart.o(i.USART_SendData)
    UsageFault_Handler                       0x08001319   Thumb Code     2  stm32f10x_it.o(i.UsageFault_Handler)
    fputc                                    0x0800131d   Thumb Code    30  main.o(i.fputc)
    main                                     0x08001341   Thumb Code   286  main.o(i.main)
    __stdin_name                             0x080014a0   Data           4  sys_io.o(.constdata)
    __stdout_name                            0x080014a4   Data           4  sys_io.o(.constdata)
    __stderr_name                            0x080014a8   Data           4  sys_io.o(.constdata)
    Region$$Table$$Base                      0x08001500   Number         0  anon$$obj.o(Region$$Table)
    Region$$Table$$Limit                     0x08001520   Number         0  anon$$obj.o(Region$$Table)
    ADCConvertedValue                        0x20000000   Data           2  main.o(.data)
    __aeabi_stdin                            0x20000018   Data           4  stdio_streams.o(.data)
    __aeabi_stdout                           0x2000001c   Data           4  stdio_streams.o(.data)
    __aeabi_stderr                           0x20000020   Data           4  stdio_streams.o(.data)
    USART_InitStructure                      0x20000024   Data          16  main.o(.bss)
    ADC_InitStructure                        0x20000034   Data          20  main.o(.bss)
    DMA_InitStructure                        0x20000048   Data          44  main.o(.bss)
    __stdin                                  0x20000074   Data          84  stdio_streams.o(.bss)
    __stdout                                 0x200000c8   Data          84  stdio_streams.o(.bss)
    __stderr                                 0x2000011c   Data          84  stdio_streams.o(.bss)
    __libspace_start                         0x20000170   Data          96  libspace.o(.bss)
    __temporary_stack_top$libspace           0x200001d0   Data           0  libspace.o(.bss)



==============================================================================

Memory Map of the image

  Image Entry point : 0x080000ed

  Load Region LR_IROM1 (Base: 0x08000000, Size: 0x00001544, Max: 0x00020000, ABSOLUTE)

    Execution Region ER_IROM1 (Base: 0x08000000, Size: 0x00001520, Max: 0x00020000, ABSOLUTE)

    Base Addr    Size         Type   Attr      Idx    E Section Name        Object

    0x08000000   0x000000ec   Data   RO          185    RESET               startup_stm32f10x_md.o
    0x080000ec   0x00000008   Code   RO         1034  * !!!main             c_w.l(__main.o)
    0x080000f4   0x00000034   Code   RO         1357    !!!scatter          c_w.l(__scatter.o)
    0x08000128   0x0000001a   Code   RO         1359    !!handler_copy      c_w.l(__scatter_copy.o)
    0x08000142   0x00000002   PAD
    0x08000144   0x0000001c   Code   RO         1361    !!handler_zi        c_w.l(__scatter_zi.o)
    0x08000160   0x00000000   Code   RO         1031    .ARM.Collect$$_printf_percent$$00000000  c_w.l(_printf_percent.o)
    0x08000160   0x00000006   Code   RO         1030    .ARM.Collect$$_printf_percent$$00000009  c_w.l(_printf_d.o)
    0x08000166   0x00000006   Code   RO         1029    .ARM.Collect$$_printf_percent$$0000000C  c_w.l(_printf_x.o)
    0x0800016c   0x00000004   Code   RO         1041    .ARM.Collect$$_printf_percent$$00000017  c_w.l(_printf_percent_end.o)
    0x08000170   0x00000002   Code   RO         1164    .ARM.Collect$$libinit$$00000000  c_w.l(libinit.o)
    0x08000172   0x00000000   Code   RO         1166    .ARM.Collect$$libinit$$00000002  c_w.l(libinit2.o)
    0x08000172   0x00000000   Code   RO         1168    .ARM.Collect$$libinit$$00000004  c_w.l(libinit2.o)
    0x08000172   0x00000008   Code   RO         1169    .ARM.Collect$$libinit$$00000005  c_w.l(libinit2.o)
    0x0800017a   0x00000000   Code   RO         1171    .ARM.Collect$$libinit$$0000000A  c_w.l(libinit2.o)
    0x0800017a   0x00000000   Code   RO         1173    .ARM.Collect$$libinit$$0000000C  c_w.l(libinit2.o)
    0x0800017a   0x00000000   Code   RO         1175    .ARM.Collect$$libinit$$0000000E  c_w.l(libinit2.o)
    0x0800017a   0x00000000   Code   RO         1178    .ARM.Collect$$libinit$$00000011  c_w.l(libinit2.o)
    0x0800017a   0x00000000   Code   RO         1180    .ARM.Collect$$libinit$$00000013  c_w.l(libinit2.o)
    0x0800017a   0x00000000   Code   RO         1182    .ARM.Collect$$libinit$$00000015  c_w.l(libinit2.o)
    0x0800017a   0x00000000   Code   RO         1184    .ARM.Collect$$libinit$$00000017  c_w.l(libinit2.o)
    0x0800017a   0x00000000   Code   RO         1186    .ARM.Collect$$libinit$$00000019  c_w.l(libinit2.o)
    0x0800017a   0x00000000   Code   RO         1188    .ARM.Collect$$libinit$$0000001B  c_w.l(libinit2.o)
    0x0800017a   0x00000000   Code   RO         1190    .ARM.Collect$$libinit$$0000001D  c_w.l(libinit2.o)
    0x0800017a   0x00000000   Code   RO         1192    .ARM.Collect$$libinit$$0000001F  c_w.l(libinit2.o)
    0x0800017a   0x00000000   Code   RO         1194    .ARM.Collect$$libinit$$00000021  c_w.l(libinit2.o)
    0x0800017a   0x00000000   Code   RO         1196    .ARM.Collect$$libinit$$00000023  c_w.l(libinit2.o)
    0x0800017a   0x00000004   Code   RO         1197    .ARM.Collect$$libinit$$00000024  c_w.l(libinit2.o)
    0x0800017e   0x00000000   Code   RO         1198    .ARM.Collect$$libinit$$00000025  c_w.l(libinit2.o)
    0x0800017e   0x00000000   Code   RO         1202    .ARM.Collect$$libinit$$0000002C  c_w.l(libinit2.o)
    0x0800017e   0x00000000   Code   RO         1204    .ARM.Collect$$libinit$$0000002E  c_w.l(libinit2.o)
    0x0800017e   0x00000000   Code   RO         1206    .ARM.Collect$$libinit$$00000030  c_w.l(libinit2.o)
    0x0800017e   0x00000000   Code   RO         1208    .ARM.Collect$$libinit$$00000032  c_w.l(libinit2.o)
    0x0800017e   0x00000002   Code   RO         1209    .ARM.Collect$$libinit$$00000033  c_w.l(libinit2.o)
    0x08000180   0x00000002   Code   RO         1336    .ARM.Collect$$libshutdown$$00000000  c_w.l(libshutdown.o)
    0x08000182   0x00000000   Code   RO         1211    .ARM.Collect$$libshutdown$$00000002  c_w.l(libshutdown2.o)
    0x08000182   0x00000004   Code   RO         1212    .ARM.Collect$$libshutdown$$00000003  c_w.l(libshutdown2.o)
    0x08000186   0x00000000   Code   RO         1213    .ARM.Collect$$libshutdown$$00000004  c_w.l(libshutdown2.o)
    0x08000186   0x00000000   Code   RO         1216    .ARM.Collect$$libshutdown$$00000007  c_w.l(libshutdown2.o)
    0x08000186   0x00000000   Code   RO         1219    .ARM.Collect$$libshutdown$$0000000A  c_w.l(libshutdown2.o)
    0x08000186   0x00000000   Code   RO         1221    .ARM.Collect$$libshutdown$$0000000C  c_w.l(libshutdown2.o)
    0x08000186   0x00000000   Code   RO         1224    .ARM.Collect$$libshutdown$$0000000F  c_w.l(libshutdown2.o)
    0x08000186   0x00000002   Code   RO         1225    .ARM.Collect$$libshutdown$$00000010  c_w.l(libshutdown2.o)
    0x08000188   0x00000000   Code   RO         1036    .ARM.Collect$$rtentry$$00000000  c_w.l(__rtentry.o)
    0x08000188   0x00000000   Code   RO         1049    .ARM.Collect$$rtentry$$00000002  c_w.l(__rtentry2.o)
    0x08000188   0x00000006   Code   RO         1061    .ARM.Collect$$rtentry$$00000004  c_w.l(__rtentry4.o)
    0x0800018e   0x00000000   Code   RO         1051    .ARM.Collect$$rtentry$$00000009  c_w.l(__rtentry2.o)
    0x0800018e   0x00000004   Code   RO         1052    .ARM.Collect$$rtentry$$0000000A  c_w.l(__rtentry2.o)
    0x08000192   0x00000000   Code   RO         1054    .ARM.Collect$$rtentry$$0000000C  c_w.l(__rtentry2.o)
    0x08000192   0x00000008   Code   RO         1055    .ARM.Collect$$rtentry$$0000000D  c_w.l(__rtentry2.o)
    0x0800019a   0x00000002   Code   RO         1232    .ARM.Collect$$rtexit$$00000000  c_w.l(rtexit.o)
    0x0800019c   0x00000000   Code   RO         1282    .ARM.Collect$$rtexit$$00000002  c_w.l(rtexit2.o)
    0x0800019c   0x00000004   Code   RO         1283    .ARM.Collect$$rtexit$$00000003  c_w.l(rtexit2.o)
    0x080001a0   0x00000006   Code   RO         1284    .ARM.Collect$$rtexit$$00000004  c_w.l(rtexit2.o)
    0x080001a6   0x00000002   PAD
    0x080001a8   0x00000000   Code   RO         1288    .emb_text           c_w.l(maybetermalloc1.o)
    0x080001a8   0x00000040   Code   RO          186    .text               startup_stm32f10x_md.o
    0x080001e8   0x00000018   Code   RO          982    .text               c_w.l(noretval__2printf.o)
    0x08000200   0x00000068   Code   RO          984    .text               c_w.l(__printf.o)
    0x08000268   0x00000078   Code   RO          986    .text               c_w.l(_printf_dec.o)
    0x080002e0   0x00000058   Code   RO          991    .text               c_w.l(_printf_hex_int.o)
    0x08000338   0x00000006   Code   RO         1032    .text               c_w.l(heapauxi.o)
    0x0800033e   0x000000b2   Code   RO         1037    .text               c_w.l(_printf_intcommon.o)
    0x080003f0   0x00000024   Code   RO         1039    .text               c_w.l(_printf_char_file.o)
    0x08000414   0x00000030   Code   RO         1063    .text               c_w.l(_printf_char_common.o)
    0x08000444   0x00000008   Code   RO         1065    .text               c_w.l(ferror.o)
    0x0800044c   0x00000138   Code   RO         1067    .text               c_w.l(initio.o)
    0x08000584   0x00000066   Code   RO         1073    .text               c_w.l(sys_io.o)
    0x080005ea   0x0000004a   Code   RO         1080    .text               c_w.l(sys_stackheap_outer.o)
    0x08000634   0x0000004e   Code   RO         1084    .text               c_w.l(h1_free.o)
    0x08000682   0x00000046   Code   RO         1140    .text               c_w.l(setvbuf.o)
    0x080006c8   0x000000ec   Code   RO         1143    .text               c_w.l(fopen.o)
    0x080007b4   0x0000004c   Code   RO         1145    .text               c_w.l(fclose.o)
    0x08000800   0x00000012   Code   RO         1151    .text               c_w.l(exit.o)
    0x08000812   0x0000000e   Code   RO         1153    .text               c_w.l(defsig_rtred_outer.o)
    0x08000820   0x0000004e   Code   RO         1157    .text               c_w.l(rt_memclr_w.o)
    0x0800086e   0x00000002   PAD
    0x08000870   0x00000008   Code   RO         1226    .text               c_w.l(libspace.o)
    0x08000878   0x00000002   Code   RO         1229    .text               c_w.l(use_no_semi.o)
    0x0800087a   0x00000000   Code   RO         1231    .text               c_w.l(indicate_semi.o)
    0x0800087a   0x00000002   PAD
    0x0800087c   0x00000008   Code   RO         1239    .text               c_w.l(rt_heap_descriptor_intlibspace.o)
    0x08000884   0x00000004   Code   RO         1241    .text               c_w.l(hguard.o)
    0x08000888   0x0000008a   Code   RO         1243    .text               c_w.l(init_alloc.o)
    0x08000912   0x0000005e   Code   RO         1249    .text               c_w.l(h1_alloc.o)
    0x08000970   0x000000f8   Code   RO         1263    .text               c_w.l(fseek.o)
    0x08000a68   0x000000f0   Code   RO         1265    .text               c_w.l(stdio.o)
    0x08000b58   0x0000000a   Code   RO         1267    .text               c_w.l(defsig_exit.o)
    0x08000b62   0x00000002   PAD
    0x08000b64   0x00000034   Code   RO         1269    .text               c_w.l(defsig_rtred_inner.o)
    0x08000b98   0x0000003e   Code   RO         1271    .text               c_w.l(strlen.o)
    0x08000bd6   0x00000002   PAD
    0x08000bd8   0x0000000c   Code   RO         1279    .text               c_w.l(sys_exit.o)
    0x08000be4   0x0000000e   Code   RO         1290    .text               c_w.l(h1_init.o)
    0x08000bf2   0x00000034   Code   RO         1292    .text               c_w.l(h1_extend.o)
    0x08000c26   0x00000042   Code   RO         1298    .text               c_w.l(ftell.o)
    0x08000c68   0x00000032   Code   RO         1302    .text               c_w.l(defsig_general.o)
    0x08000c9a   0x0000000e   Code   RO         1304    .text               c_w.l(defsig_rtmem_outer.o)
    0x08000ca8   0x0000000e   Code   RO         1317    .text               c_w.l(sys_wrch.o)
    0x08000cb6   0x00000002   PAD
    0x08000cb8   0x00000008   Code   RO         1324    .text               c_w.l(rt_errno_addr_intlibspace.o)
    0x08000cc0   0x00000050   Code   RO         1330    .text               c_w.l(defsig_rtmem_inner.o)
    0x08000d10   0x00000014   Code   RO          196    i.ADC_Cmd           stm32f10x_adc.o
    0x08000d24   0x00000014   Code   RO          197    i.ADC_DMACmd        stm32f10x_adc.o
    0x08000d38   0x0000000e   Code   RO          204    i.ADC_GetCalibrationStatus  stm32f10x_adc.o
    0x08000d46   0x0000000e   Code   RO          210    i.ADC_GetResetCalibrationStatus  stm32f10x_adc.o
    0x08000d54   0x00000048   Code   RO          214    i.ADC_Init          stm32f10x_adc.o
    0x08000d9c   0x00000074   Code   RO          218    i.ADC_RegularChannelConfig  stm32f10x_adc.o
    0x08000e10   0x0000000a   Code   RO          219    i.ADC_ResetCalibration  stm32f10x_adc.o
    0x08000e1a   0x00000014   Code   RO          221    i.ADC_SoftwareStartConvCmd  stm32f10x_adc.o
    0x08000e2e   0x0000000a   Code   RO          223    i.ADC_StartCalibration  stm32f10x_adc.o
    0x08000e38   0x00000002   Code   RO           80    i.BusFault_Handler  stm32f10x_it.o
    0x08000e3a   0x00000016   Code   RO          414    i.DMA_Cmd           stm32f10x_dma.o
    0x08000e50   0x000000e4   Code   RO          415    i.DMA_DeInit        stm32f10x_dma.o
    0x08000f34   0x0000003a   Code   RO          420    i.DMA_Init          stm32f10x_dma.o
    0x08000f6e   0x00000002   Code   RO           81    i.DebugMon_Handler  stm32f10x_it.o
    0x08000f70   0x000000a2   Code   RO          490    i.GPIO_Init         stm32f10x_gpio.o
    0x08001012   0x00000002   Code   RO           82    i.HardFault_Handler  stm32f10x_it.o
    0x08001014   0x00000002   Code   RO           83    i.MemManage_Handler  stm32f10x_it.o
    0x08001016   0x00000002   Code   RO           84    i.NMI_Handler       stm32f10x_it.o
    0x08001018   0x00000002   Code   RO           85    i.PendSV_Handler    stm32f10x_it.o
    0x0800101a   0x00000002   PAD
    0x0800101c   0x00000018   Code   RO          599    i.RCC_AHBPeriphClockCmd  stm32f10x_rcc.o
    0x08001034   0x00000018   Code   RO          602    i.RCC_APB2PeriphClockCmd  stm32f10x_rcc.o
    0x0800104c   0x00000090   Code   RO          610    i.RCC_GetClocksFreq  stm32f10x_rcc.o
    0x080010dc   0x00000064   Code   RO            2    i.STM32_Shenzhou_COMInit  main.o
    0x08001140   0x00000002   Code   RO           86    i.SVC_Handler       stm32f10x_it.o
    0x08001142   0x00000002   PAD
    0x08001144   0x000000a8   Code   RO          154    i.SetSysClockTo72   system_stm32f10x.o
    0x080011ec   0x00000002   Code   RO           87    i.SysTick_Handler   stm32f10x_it.o
    0x080011ee   0x00000002   PAD
    0x080011f0   0x00000050   Code   RO          156    i.SystemInit        system_stm32f10x.o
    0x08001240   0x00000014   Code   RO          802    i.USART_Cmd         stm32f10x_usart.o
    0x08001254   0x0000000e   Code   RO          805    i.USART_GetFlagStatus  stm32f10x_usart.o
    0x08001262   0x00000002   PAD
    0x08001264   0x000000ac   Code   RO          809    i.USART_Init        stm32f10x_usart.o
    0x08001310   0x00000008   Code   RO          819    i.USART_SendData    stm32f10x_usart.o
    0x08001318   0x00000002   Code   RO           88    i.UsageFault_Handler  stm32f10x_it.o
    0x0800131a   0x00000002   PAD
    0x0800131c   0x00000024   Code   RO            3    i.fputc             main.o
    0x08001340   0x00000138   Code   RO            4    i.main              main.o
    0x08001478   0x00000028   Data   RO          992    .constdata          c_w.l(_printf_hex_int.o)
    0x080014a0   0x00000004   Data   RO         1074    .constdata          c_w.l(sys_io.o)
    0x080014a4   0x00000004   Data   RO         1075    .constdata          c_w.l(sys_io.o)
    0x080014a8   0x00000004   Data   RO         1076    .constdata          c_w.l(sys_io.o)
    0x080014ac   0x00000052   Data   RO            6    .conststring        main.o
    0x080014fe   0x00000002   PAD
    0x08001500   0x00000020   Data   RO         1355    Region$$Table       anon$$obj.o


    Execution Region RW_IRAM1 (Base: 0x20000000, Size: 0x000007d0, Max: 0x00005000, ABSOLUTE)

    Base Addr    Size         Type   Attr      Idx    E Section Name        Object

    0x20000000   0x00000002   Data   RW            7    .data               main.o
    0x20000002   0x00000014   Data   RW          630    .data               stm32f10x_rcc.o
    0x20000016   0x00000002   PAD
    0x20000018   0x00000004   Data   RW         1045    .data               c_w.l(stdio_streams.o)
    0x2000001c   0x00000004   Data   RW         1046    .data               c_w.l(stdio_streams.o)
    0x20000020   0x00000004   Data   RW         1047    .data               c_w.l(stdio_streams.o)
    0x20000024   0x00000050   Zero   RW            5    .bss                main.o
    0x20000074   0x00000054   Zero   RW         1042    .bss                c_w.l(stdio_streams.o)
    0x200000c8   0x00000054   Zero   RW         1043    .bss                c_w.l(stdio_streams.o)
    0x2000011c   0x00000054   Zero   RW         1044    .bss                c_w.l(stdio_streams.o)
    0x20000170   0x00000060   Zero   RW         1227    .bss                c_w.l(libspace.o)
    0x200001d0   0x00000200   Zero   RW          184    HEAP                startup_stm32f10x_md.o
    0x200003d0   0x00000400   Zero   RW          183    STACK               startup_stm32f10x_md.o


==============================================================================

Image component sizes


      Code (inc. data)   RO Data    RW Data    ZI Data      Debug   Object Name

         0          0          0          0          0         32   core_cm3.o
       448         42         82          2         80     251892   main.o
        64         26        236          0       1536        764   startup_stm32f10x_md.o
       296         10          0          0          0       7093   stm32f10x_adc.o
       308         10          0          0          0       3438   stm32f10x_dma.o
       162          0          0          0          0       1788   stm32f10x_gpio.o
        18          0          0          0          0       3794   stm32f10x_it.o
       192         28          0         20          0       4325   stm32f10x_rcc.o
       214          6          0          0          0       3920   stm32f10x_usart.o
       248         24          0          0          0       1453   system_stm32f10x.o

    ----------------------------------------------------------------------
      1960        146        352         24       1616     278499   Object Totals
         0          0         32          0          0          0   (incl. Generated)
        10          0          2          2          0          0   (incl. Padding)

    ----------------------------------------------------------------------

      Code (inc. data)   RO Data    RW Data    ZI Data      Debug   Library Member Name

         8          0          0          0          0         68   __main.o
       104          0          0          0          0         84   __printf.o
         0          0          0          0          0          0   __rtentry.o
        12          0          0          0          0          0   __rtentry2.o
         6          0          0          0          0          0   __rtentry4.o
        52          8          0          0          0          0   __scatter.o
        26          0          0          0          0          0   __scatter_copy.o
        28          0          0          0          0          0   __scatter_zi.o
        48          6          0          0          0         96   _printf_char_common.o
        36          4          0          0          0         80   _printf_char_file.o
         6          0          0          0          0          0   _printf_d.o
       120         16          0          0          0         92   _printf_dec.o
        88          4         40          0          0         88   _printf_hex_int.o
       178          0          0          0          0         88   _printf_intcommon.o
         0          0          0          0          0          0   _printf_percent.o
         4          0          0          0          0          0   _printf_percent_end.o
         6          0          0          0          0          0   _printf_x.o
        10          0          0          0          0         68   defsig_exit.o
        50          0          0          0          0         88   defsig_general.o
        80         58          0          0          0         76   defsig_rtmem_inner.o
        14          0          0          0          0         80   defsig_rtmem_outer.o
        52         38          0          0          0         76   defsig_rtred_inner.o
        14          0          0          0          0         80   defsig_rtred_outer.o
        18          0          0          0          0         80   exit.o
        76          0          0          0          0         88   fclose.o
         8          0          0          0          0         68   ferror.o
       236          4          0          0          0        128   fopen.o
       248          6          0          0          0         84   fseek.o
        66          0          0          0          0         76   ftell.o
        94          0          0          0          0         80   h1_alloc.o
        52          0          0          0          0         68   h1_extend.o
        78          0          0          0          0         80   h1_free.o
        14          0          0          0          0         84   h1_init.o
         6          0          0          0          0        152   heapauxi.o
         4          0          0          0          0        136   hguard.o
         0          0          0          0          0          0   indicate_semi.o
       138          0          0          0          0        168   init_alloc.o
       312         46          0          0          0        112   initio.o
         2          0          0          0          0          0   libinit.o
        14          0          0          0          0          0   libinit2.o
         2          0          0          0          0          0   libshutdown.o
         6          0          0          0          0          0   libshutdown2.o
         8          4          0          0         96         68   libspace.o
         0          0          0          0          0          0   maybetermalloc1.o
        24          4          0          0          0         84   noretval__2printf.o
         8          4          0          0          0         68   rt_errno_addr_intlibspace.o
         8          4          0          0          0         68   rt_heap_descriptor_intlibspace.o
        78          0          0          0          0         80   rt_memclr_w.o
         2          0          0          0          0          0   rtexit.o
        10          0          0          0          0          0   rtexit2.o
        70          0          0          0          0         80   setvbuf.o
       240          6          0          0          0        156   stdio.o
         0          0          0         12        252          0   stdio_streams.o
        62          0          0          0          0         76   strlen.o
        12          4          0          0          0         68   sys_exit.o
       102          0         12          0          0        240   sys_io.o
        74          0          0          0          0         80   sys_stackheap_outer.o
        14          0          0          0          0         76   sys_wrch.o
         2          0          0          0          0         68   use_no_semi.o

    ----------------------------------------------------------------------
      3044        216         52         12        348       3680   Library Totals
        14          0          0          0          0          0   (incl. Padding)

    ----------------------------------------------------------------------

      Code (inc. data)   RO Data    RW Data    ZI Data      Debug   Library Name

      3030        216         52         12        348       3680   c_w.l

    ----------------------------------------------------------------------
      3044        216         52         12        348       3680   Library Totals

    ----------------------------------------------------------------------

==============================================================================


      Code (inc. data)   RO Data    RW Data    ZI Data      Debug   

      5004        362        404         36       1964     278691   Grand Totals
      5004        362        404         36       1964     278691   ELF Image Totals
      5004        362        404         36          0          0   ROM Totals

==============================================================================

    Total RO  Size (Code + RO Data)                 5408 (   5.28kB)
    Total RW  Size (RW Data + ZI Data)              2000 (   1.95kB)
    Total ROM Size (Code + RO Data + RW Data)       5444 (   5.32kB)

==============================================================================

